[2025-05-07T18:33:04.651-0400][gc] Using G1
[2025-05-07T18:33:04.663-0400][gc,init] Version: 17.0.15+6-Debian-1deb12u1 (release)
[2025-05-07T18:33:04.663-0400][gc,init] CPUs: 4 total, 4 available
[2025-05-07T18:33:04.663-0400][gc,init] Memory: 7836M
[2025-05-07T18:33:04.663-0400][gc,init] Large Page Support: Disabled
[2025-05-07T18:33:04.663-0400][gc,init] NUMA Support: Disabled
[2025-05-07T18:33:04.663-0400][gc,init] Compressed Oops: Enabled (32-bit)
[2025-05-07T18:33:04.663-0400][gc,init] Heap Region Size: 1M
[2025-05-07T18:33:04.663-0400][gc,init] Heap Min Capacity: 1G
[2025-05-07T18:33:04.663-0400][gc,init] Heap Initial Capacity: 1G
[2025-05-07T18:33:04.663-0400][gc,init] Heap Max Capacity: 1G
[2025-05-07T18:33:04.663-0400][gc,init] Pre-touch: Disabled
[2025-05-07T18:33:04.663-0400][gc,init] Parallel Workers: 4
[2025-05-07T18:33:04.663-0400][gc,init] Concurrent Workers: 1
[2025-05-07T18:33:04.663-0400][gc,init] Concurrent Refinement Workers: 4
[2025-05-07T18:33:04.663-0400][gc,init] Periodic GC: Disabled
[2025-05-07T18:33:04.670-0400][gc,metaspace] CDS archive(s) mapped at: [0x00007f7b1f000000-0x00007f7b1fbc7000-0x00007f7b1fbc7000), size 12349440, SharedBaseAddress: 0x00007f7b1f000000, ArchiveRelocationMode: 1.
[2025-05-07T18:33:04.670-0400][gc,metaspace] Compressed class space mapped at: 0x00007f7b20000000-0x00007f7b60000000, reserved size: 1073741824
[2025-05-07T18:33:04.670-0400][gc,metaspace] Narrow klass base: 0x00007f7b1f000000, Narrow klass shift: 0, Narrow klass range: 0x100000000
[2025-05-07T18:33:05.984-0400][gc,start    ] GC(0) Pause Young (Normal) (G1 Evacuation Pause)
[2025-05-07T18:33:05.984-0400][gc,task     ] GC(0) Using 4 workers of 4 for evacuation
[2025-05-07T18:33:05.994-0400][gc,phases   ] GC(0)   Pre Evacuate Collection Set: 0.1ms
[2025-05-07T18:33:05.994-0400][gc,phases   ] GC(0)   Merge Heap Roots: 0.1ms
[2025-05-07T18:33:05.994-0400][gc,phases   ] GC(0)   Evacuate Collection Set: 8.8ms
[2025-05-07T18:33:05.994-0400][gc,phases   ] GC(0)   Post Evacuate Collection Set: 0.5ms
[2025-05-07T18:33:05.994-0400][gc,phases   ] GC(0)   Other: 0.5ms
[2025-05-07T18:33:05.994-0400][gc,heap     ] GC(0) Eden regions: 51->0(44)
[2025-05-07T18:33:05.994-0400][gc,heap     ] GC(0) Survivor regions: 0->7(7)
[2025-05-07T18:33:05.994-0400][gc,heap     ] GC(0) Old regions: 0->1
[2025-05-07T18:33:05.994-0400][gc,heap     ] GC(0) Archive regions: 2->2
[2025-05-07T18:33:05.994-0400][gc,heap     ] GC(0) Humongous regions: 0->0
[2025-05-07T18:33:05.994-0400][gc,metaspace] GC(0) Metaspace: 16975K(17216K)->16975K(17216K) NonClass: 14905K(15040K)->14905K(15040K) Class: 2070K(2176K)->2070K(2176K)
[2025-05-07T18:33:05.994-0400][gc          ] GC(0) Pause Young (Normal) (G1 Evacuation Pause) 51M->8M(1024M) 10.116ms
[2025-05-07T18:33:05.994-0400][gc,cpu      ] GC(0) User=0.02s Sys=0.01s Real=0.01s
[2025-05-07T18:33:06.341-0400][gc,start    ] GC(1) Pause Young (Concurrent Start) (Metadata GC Threshold)
[2025-05-07T18:33:06.341-0400][gc,task     ] GC(1) Using 4 workers of 4 for evacuation
[2025-05-07T18:33:06.354-0400][gc,phases   ] GC(1)   Pre Evacuate Collection Set: 0.2ms
[2025-05-07T18:33:06.354-0400][gc,phases   ] GC(1)   Merge Heap Roots: 0.1ms
[2025-05-07T18:33:06.354-0400][gc,phases   ] GC(1)   Evacuate Collection Set: 12.2ms
[2025-05-07T18:33:06.354-0400][gc,phases   ] GC(1)   Post Evacuate Collection Set: 0.5ms
[2025-05-07T18:33:06.354-0400][gc,phases   ] GC(1)   Other: 0.4ms
[2025-05-07T18:33:06.354-0400][gc,heap     ] GC(1) Eden regions: 14->0(49)
[2025-05-07T18:33:06.354-0400][gc,heap     ] GC(1) Survivor regions: 7->2(7)
[2025-05-07T18:33:06.354-0400][gc,heap     ] GC(1) Old regions: 1->8
[2025-05-07T18:33:06.354-0400][gc,heap     ] GC(1) Archive regions: 2->2
[2025-05-07T18:33:06.354-0400][gc,heap     ] GC(1) Humongous regions: 0->0
[2025-05-07T18:33:06.354-0400][gc,metaspace] GC(1) Metaspace: 21271K(21504K)->21271K(21504K) NonClass: 18641K(18752K)->18641K(18752K) Class: 2629K(2752K)->2629K(2752K)
[2025-05-07T18:33:06.354-0400][gc          ] GC(1) Pause Young (Concurrent Start) (Metadata GC Threshold) 22M->9M(1024M) 13.493ms
[2025-05-07T18:33:06.354-0400][gc,cpu      ] GC(1) User=0.05s Sys=0.01s Real=0.01s
[2025-05-07T18:33:06.354-0400][gc          ] GC(2) Concurrent Mark Cycle
[2025-05-07T18:33:06.354-0400][gc,marking  ] GC(2) Concurrent Clear Claimed Marks
[2025-05-07T18:33:06.354-0400][gc,marking  ] GC(2) Concurrent Clear Claimed Marks 0.024ms
[2025-05-07T18:33:06.355-0400][gc,marking  ] GC(2) Concurrent Scan Root Regions
[2025-05-07T18:33:06.360-0400][gc,marking  ] GC(2) Concurrent Scan Root Regions 5.842ms
[2025-05-07T18:33:06.360-0400][gc,marking  ] GC(2) Concurrent Mark
[2025-05-07T18:33:06.360-0400][gc,marking  ] GC(2) Concurrent Mark From Roots
[2025-05-07T18:33:06.360-0400][gc,task     ] GC(2) Using 1 workers of 1 for marking
[2025-05-07T18:33:06.366-0400][gc,marking  ] GC(2) Concurrent Mark From Roots 6.071ms
[2025-05-07T18:33:06.367-0400][gc,marking  ] GC(2) Concurrent Preclean
[2025-05-07T18:33:06.367-0400][gc,marking  ] GC(2) Concurrent Preclean 0.092ms
[2025-05-07T18:33:06.367-0400][gc,start    ] GC(2) Pause Remark
[2025-05-07T18:33:06.370-0400][gc          ] GC(2) Pause Remark 10M->10M(1024M) 3.462ms
[2025-05-07T18:33:06.370-0400][gc,cpu      ] GC(2) User=0.02s Sys=0.00s Real=0.01s
[2025-05-07T18:33:06.370-0400][gc,marking  ] GC(2) Concurrent Mark 9.896ms
[2025-05-07T18:33:06.370-0400][gc,marking  ] GC(2) Concurrent Rebuild Remembered Sets
[2025-05-07T18:33:06.377-0400][gc,marking  ] GC(2) Concurrent Rebuild Remembered Sets 6.991ms
[2025-05-07T18:33:06.377-0400][gc,start    ] GC(2) Pause Cleanup
[2025-05-07T18:33:06.378-0400][gc          ] GC(2) Pause Cleanup 10M->10M(1024M) 0.190ms
[2025-05-07T18:33:06.378-0400][gc,cpu      ] GC(2) User=0.00s Sys=0.00s Real=0.00s
[2025-05-07T18:33:06.378-0400][gc,marking  ] GC(2) Concurrent Cleanup for Next Mark
[2025-05-07T18:33:06.383-0400][gc,marking  ] GC(2) Concurrent Cleanup for Next Mark 5.358ms
[2025-05-07T18:33:06.383-0400][gc          ] GC(2) Concurrent Mark Cycle 28.743ms
[2025-05-07T18:33:07.462-0400][gc,start    ] GC(3) Pause Young (Normal) (G1 Evacuation Pause)
[2025-05-07T18:33:07.463-0400][gc,task     ] GC(3) Using 4 workers of 4 for evacuation
[2025-05-07T18:33:07.470-0400][gc,phases   ] GC(3)   Pre Evacuate Collection Set: 0.1ms
[2025-05-07T18:33:07.470-0400][gc,phases   ] GC(3)   Merge Heap Roots: 0.1ms
[2025-05-07T18:33:07.470-0400][gc,phases   ] GC(3)   Evacuate Collection Set: 6.6ms
[2025-05-07T18:33:07.470-0400][gc,phases   ] GC(3)   Post Evacuate Collection Set: 0.5ms
[2025-05-07T18:33:07.470-0400][gc,phases   ] GC(3)   Other: 0.1ms
[2025-05-07T18:33:07.470-0400][gc,heap     ] GC(3) Eden regions: 49->0(45)
[2025-05-07T18:33:07.470-0400][gc,heap     ] GC(3) Survivor regions: 2->6(7)
[2025-05-07T18:33:07.470-0400][gc,heap     ] GC(3) Old regions: 8->8
[2025-05-07T18:33:07.470-0400][gc,heap     ] GC(3) Archive regions: 2->2
[2025-05-07T18:33:07.470-0400][gc,heap     ] GC(3) Humongous regions: 0->0
[2025-05-07T18:33:07.470-0400][gc,metaspace] GC(3) Metaspace: 32292K(32640K)->32292K(32640K) NonClass: 28515K(28672K)->28515K(28672K) Class: 3776K(3968K)->3776K(3968K)
[2025-05-07T18:33:07.470-0400][gc          ] GC(3) Pause Young (Normal) (G1 Evacuation Pause) 58M->14M(1024M) 7.450ms
[2025-05-07T18:33:07.470-0400][gc,cpu      ] GC(3) User=0.02s Sys=0.00s Real=0.01s
[2025-05-07T18:33:07.832-0400][gc,start    ] GC(4) Pause Young (Concurrent Start) (Metadata GC Threshold)
[2025-05-07T18:33:07.832-0400][gc,task     ] GC(4) Using 4 workers of 4 for evacuation
[2025-05-07T18:33:07.841-0400][gc,phases   ] GC(4)   Pre Evacuate Collection Set: 0.1ms
[2025-05-07T18:33:07.841-0400][gc,phases   ] GC(4)   Merge Heap Roots: 0.0ms
[2025-05-07T18:33:07.841-0400][gc,phases   ] GC(4)   Evacuate Collection Set: 8.7ms
[2025-05-07T18:33:07.841-0400][gc,phases   ] GC(4)   Post Evacuate Collection Set: 0.5ms
[2025-05-07T18:33:07.841-0400][gc,phases   ] GC(4)   Other: 0.2ms
[2025-05-07T18:33:07.841-0400][gc,heap     ] GC(4) Eden regions: 20->0(48)
[2025-05-07T18:33:07.841-0400][gc,heap     ] GC(4) Survivor regions: 6->3(7)
[2025-05-07T18:33:07.841-0400][gc,heap     ] GC(4) Old regions: 8->13
[2025-05-07T18:33:07.841-0400][gc,heap     ] GC(4) Archive regions: 2->2
[2025-05-07T18:33:07.841-0400][gc,heap     ] GC(4) Humongous regions: 9->9
[2025-05-07T18:33:07.841-0400][gc,metaspace] GC(4) Metaspace: 35607K(36096K)->35607K(36096K) NonClass: 31436K(31680K)->31436K(31680K) Class: 4170K(4416K)->4170K(4416K)
[2025-05-07T18:33:07.841-0400][gc          ] GC(4) Pause Young (Concurrent Start) (Metadata GC Threshold) 43M->25M(1024M) 9.659ms
[2025-05-07T18:33:07.842-0400][gc,cpu      ] GC(4) User=0.03s Sys=0.00s Real=0.01s
[2025-05-07T18:33:07.842-0400][gc          ] GC(5) Concurrent Mark Cycle
[2025-05-07T18:33:07.842-0400][gc,marking  ] GC(5) Concurrent Clear Claimed Marks
[2025-05-07T18:33:07.842-0400][gc,marking  ] GC(5) Concurrent Clear Claimed Marks 0.048ms
[2025-05-07T18:33:07.842-0400][gc,marking  ] GC(5) Concurrent Scan Root Regions
[2025-05-07T18:33:07.850-0400][gc,marking  ] GC(5) Concurrent Scan Root Regions 8.294ms
[2025-05-07T18:33:07.850-0400][gc,marking  ] GC(5) Concurrent Mark
[2025-05-07T18:33:07.850-0400][gc,marking  ] GC(5) Concurrent Mark From Roots
[2025-05-07T18:33:07.850-0400][gc,task     ] GC(5) Using 1 workers of 1 for marking
[2025-05-07T18:33:07.893-0400][gc,marking  ] GC(5) Concurrent Mark From Roots 42.723ms
[2025-05-07T18:33:07.893-0400][gc,marking  ] GC(5) Concurrent Preclean
[2025-05-07T18:33:07.893-0400][gc,marking  ] GC(5) Concurrent Preclean 0.157ms
[2025-05-07T18:33:07.893-0400][gc,start    ] GC(5) Pause Remark
[2025-05-07T18:33:07.896-0400][gc          ] GC(5) Pause Remark 28M->28M(1024M) 2.936ms
[2025-05-07T18:33:07.896-0400][gc,cpu      ] GC(5) User=0.01s Sys=0.00s Real=0.00s
[2025-05-07T18:33:07.896-0400][gc,marking  ] GC(5) Concurrent Mark 46.311ms
[2025-05-07T18:33:07.896-0400][gc,marking  ] GC(5) Concurrent Rebuild Remembered Sets
[2025-05-07T18:33:07.896-0400][gc,marking  ] GC(5) Concurrent Rebuild Remembered Sets 0.011ms
[2025-05-07T18:33:07.896-0400][gc,start    ] GC(5) Pause Cleanup
[2025-05-07T18:33:07.896-0400][gc          ] GC(5) Pause Cleanup 28M->28M(1024M) 0.018ms
[2025-05-07T18:33:07.897-0400][gc,cpu      ] GC(5) User=0.00s Sys=0.00s Real=0.00s
[2025-05-07T18:33:07.897-0400][gc,marking  ] GC(5) Concurrent Cleanup for Next Mark
[2025-05-07T18:33:07.918-0400][gc,marking  ] GC(5) Concurrent Cleanup for Next Mark 21.668ms
[2025-05-07T18:33:07.918-0400][gc          ] GC(5) Concurrent Mark Cycle 76.656ms
[2025-05-07T18:33:08.521-0400][gc,start    ] GC(6) Pause Young (Normal) (G1 Evacuation Pause)
[2025-05-07T18:33:08.521-0400][gc,task     ] GC(6) Using 4 workers of 4 for evacuation
[2025-05-07T18:33:08.539-0400][gc,phases   ] GC(6)   Pre Evacuate Collection Set: 0.2ms
[2025-05-07T18:33:08.539-0400][gc,phases   ] GC(6)   Merge Heap Roots: 0.1ms
[2025-05-07T18:33:08.539-0400][gc,phases   ] GC(6)   Evacuate Collection Set: 16.2ms
[2025-05-07T18:33:08.539-0400][gc,phases   ] GC(6)   Post Evacuate Collection Set: 0.6ms
[2025-05-07T18:33:08.539-0400][gc,phases   ] GC(6)   Other: 0.2ms
[2025-05-07T18:33:08.539-0400][gc,heap     ] GC(6) Eden regions: 48->0(44)
[2025-05-07T18:33:08.539-0400][gc,heap     ] GC(6) Survivor regions: 3->7(7)
[2025-05-07T18:33:08.539-0400][gc,heap     ] GC(6) Old regions: 13->15
[2025-05-07T18:33:08.539-0400][gc,heap     ] GC(6) Archive regions: 2->2
[2025-05-07T18:33:08.539-0400][gc,heap     ] GC(6) Humongous regions: 9->9
[2025-05-07T18:33:08.539-0400][gc,metaspace] GC(6) Metaspace: 42236K(42944K)->42236K(42944K) NonClass: 37272K(37696K)->37272K(37696K) Class: 4964K(5248K)->4964K(5248K)
[2025-05-07T18:33:08.539-0400][gc          ] GC(6) Pause Young (Normal) (G1 Evacuation Pause) 73M->31M(1024M) 17.402ms
[2025-05-07T18:33:08.539-0400][gc,cpu      ] GC(6) User=0.06s Sys=0.00s Real=0.02s
[2025-05-07T18:34:04.633-0400][gc,start    ] GC(7) Pause Young (Normal) (G1 Evacuation Pause)
[2025-05-07T18:34:04.634-0400][gc,task     ] GC(7) Using 4 workers of 4 for evacuation
[2025-05-07T18:34:04.647-0400][gc,phases   ] GC(7)   Pre Evacuate Collection Set: 0.3ms
[2025-05-07T18:34:04.647-0400][gc,phases   ] GC(7)   Merge Heap Roots: 0.1ms
[2025-05-07T18:34:04.647-0400][gc,phases   ] GC(7)   Evacuate Collection Set: 11.8ms
[2025-05-07T18:34:04.647-0400][gc,phases   ] GC(7)   Post Evacuate Collection Set: 0.7ms
[2025-05-07T18:34:04.647-0400][gc,phases   ] GC(7)   Other: 0.2ms
[2025-05-07T18:34:04.647-0400][gc,heap     ] GC(7) Eden regions: 44->0(47)
[2025-05-07T18:34:04.647-0400][gc,heap     ] GC(7) Survivor regions: 7->4(7)
[2025-05-07T18:34:04.647-0400][gc,heap     ] GC(7) Old regions: 15->22
[2025-05-07T18:34:04.647-0400][gc,heap     ] GC(7) Archive regions: 2->2
[2025-05-07T18:34:04.647-0400][gc,heap     ] GC(7) Humongous regions: 150->138
[2025-05-07T18:34:04.647-0400][gc,metaspace] GC(7) Metaspace: 46584K(47488K)->46584K(47488K) NonClass: 41006K(41472K)->41006K(41472K) Class: 5578K(6016K)->5578K(6016K)
[2025-05-07T18:34:04.647-0400][gc          ] GC(7) Pause Young (Normal) (G1 Evacuation Pause) 216M->163M(1024M) 13.211ms
[2025-05-07T18:34:04.647-0400][gc,cpu      ] GC(7) User=0.04s Sys=0.00s Real=0.01s
[2025-05-07T18:38:24.114-0400][gc,start    ] GC(8) Pause Young (Normal) (G1 Evacuation Pause)
[2025-05-07T18:38:24.114-0400][gc,task     ] GC(8) Using 4 workers of 4 for evacuation
[2025-05-07T18:38:24.122-0400][gc,phases   ] GC(8)   Pre Evacuate Collection Set: 0.2ms
[2025-05-07T18:38:24.122-0400][gc,phases   ] GC(8)   Merge Heap Roots: 0.1ms
[2025-05-07T18:38:24.122-0400][gc,phases   ] GC(8)   Evacuate Collection Set: 6.9ms
[2025-05-07T18:38:24.122-0400][gc,phases   ] GC(8)   Post Evacuate Collection Set: 0.7ms
[2025-05-07T18:38:24.122-0400][gc,phases   ] GC(8)   Other: 0.2ms
[2025-05-07T18:38:24.122-0400][gc,heap     ] GC(8) Eden regions: 47->0(46)
[2025-05-07T18:38:24.122-0400][gc,heap     ] GC(8) Survivor regions: 4->5(7)
[2025-05-07T18:38:24.122-0400][gc,heap     ] GC(8) Old regions: 22->22
[2025-05-07T18:38:24.122-0400][gc,heap     ] GC(8) Archive regions: 2->2
[2025-05-07T18:38:24.122-0400][gc,heap     ] GC(8) Humongous regions: 144->144
[2025-05-07T18:38:24.122-0400][gc,metaspace] GC(8) Metaspace: 49092K(50112K)->49092K(50112K) NonClass: 43267K(43776K)->43267K(43776K) Class: 5825K(6336K)->5825K(6336K)
[2025-05-07T18:38:24.122-0400][gc          ] GC(8) Pause Young (Normal) (G1 Evacuation Pause) 216M->171M(1024M) 8.167ms
[2025-05-07T18:38:24.122-0400][gc,cpu      ] GC(8) User=0.03s Sys=0.00s Real=0.01s
[2025-05-07T18:43:18.648-0400][gc,start    ] GC(9) Pause Young (Normal) (G1 Evacuation Pause)
[2025-05-07T18:43:18.648-0400][gc,task     ] GC(9) Using 4 workers of 4 for evacuation
[2025-05-07T18:43:18.667-0400][gc,phases   ] GC(9)   Pre Evacuate Collection Set: 0.4ms
[2025-05-07T18:43:18.667-0400][gc,phases   ] GC(9)   Merge Heap Roots: 0.2ms
[2025-05-07T18:43:18.667-0400][gc,phases   ] GC(9)   Evacuate Collection Set: 17.2ms
[2025-05-07T18:43:18.667-0400][gc,phases   ] GC(9)   Post Evacuate Collection Set: 1.2ms
[2025-05-07T18:43:18.667-0400][gc,phases   ] GC(9)   Other: 0.3ms
[2025-05-07T18:43:18.667-0400][gc,heap     ] GC(9) Eden regions: 46->0(48)
[2025-05-07T18:43:18.667-0400][gc,heap     ] GC(9) Survivor regions: 5->3(7)
[2025-05-07T18:43:18.667-0400][gc,heap     ] GC(9) Old regions: 22->25
[2025-05-07T18:43:18.667-0400][gc,heap     ] GC(9) Archive regions: 2->2
[2025-05-07T18:43:18.667-0400][gc,heap     ] GC(9) Humongous regions: 144->144
[2025-05-07T18:43:18.667-0400][gc,metaspace] GC(9) Metaspace: 49386K(50432K)->49386K(50432K) NonClass: 43556K(44096K)->43556K(44096K) Class: 5829K(6336K)->5829K(6336K)
[2025-05-07T18:43:18.667-0400][gc          ] GC(9) Pause Young (Normal) (G1 Evacuation Pause) 217M->171M(1024M) 19.450ms
[2025-05-07T18:43:18.667-0400][gc,cpu      ] GC(9) User=0.07s Sys=0.00s Real=0.02s
[2025-05-07T18:44:02.646-0400][gc,heap,exit] Heap
[2025-05-07T18:44:02.646-0400][gc,heap,exit]  garbage-first heap   total 1048576K, used 197300K [0x00000000c0000000, 0x0000000100000000)
[2025-05-07T18:44:02.647-0400][gc,heap,exit]   region size 1024K, 24 young (24576K), 3 survivors (3072K)
[2025-05-07T18:44:02.647-0400][gc,heap,exit]  Metaspace       used 50149K, committed 51136K, reserved 1114112K
[2025-05-07T18:44:02.647-0400][gc,heap,exit]   class space    used 6001K, committed 6464K, reserved 1048576K
