[2025-05-06T12:02:04.698-0400][gc] Using G1
[2025-05-06T12:02:04.710-0400][gc,init] Version: 17.0.15+6-Debian-1deb12u1 (release)
[2025-05-06T12:02:04.710-0400][gc,init] CPUs: 4 total, 4 available
[2025-05-06T12:02:04.710-0400][gc,init] Memory: 7836M
[2025-05-06T12:02:04.710-0400][gc,init] Large Page Support: Disabled
[2025-05-06T12:02:04.710-0400][gc,init] NUMA Support: Disabled
[2025-05-06T12:02:04.710-0400][gc,init] Compressed Oops: Enabled (32-bit)
[2025-05-06T12:02:04.710-0400][gc,init] Heap Region Size: 1M
[2025-05-06T12:02:04.710-0400][gc,init] Heap Min Capacity: 1G
[2025-05-06T12:02:04.710-0400][gc,init] Heap Initial Capacity: 1G
[2025-05-06T12:02:04.710-0400][gc,init] Heap Max Capacity: 1G
[2025-05-06T12:02:04.710-0400][gc,init] Pre-touch: Disabled
[2025-05-06T12:02:04.710-0400][gc,init] Parallel Workers: 4
[2025-05-06T12:02:04.710-0400][gc,init] Concurrent Workers: 1
[2025-05-06T12:02:04.710-0400][gc,init] Concurrent Refinement Workers: 4
[2025-05-06T12:02:04.710-0400][gc,init] Periodic GC: Disabled
[2025-05-06T12:02:04.717-0400][gc,metaspace] CDS archive(s) mapped at: [0x00007fc02f000000-0x00007fc02fbc7000-0x00007fc02fbc7000), size 12349440, SharedBaseAddress: 0x00007fc02f000000, ArchiveRelocationMode: 1.
[2025-05-06T12:02:04.717-0400][gc,metaspace] Compressed class space mapped at: 0x00007fc030000000-0x00007fc070000000, reserved size: 1073741824
[2025-05-06T12:02:04.717-0400][gc,metaspace] Narrow klass base: 0x00007fc02f000000, Narrow klass shift: 0, Narrow klass range: 0x100000000
[2025-05-06T12:02:06.069-0400][gc,start    ] GC(0) Pause Young (Normal) (G1 Evacuation Pause)
[2025-05-06T12:02:06.070-0400][gc,task     ] GC(0) Using 4 workers of 4 for evacuation
[2025-05-06T12:02:06.079-0400][gc,phases   ] GC(0)   Pre Evacuate Collection Set: 0.1ms
[2025-05-06T12:02:06.079-0400][gc,phases   ] GC(0)   Merge Heap Roots: 0.1ms
[2025-05-06T12:02:06.079-0400][gc,phases   ] GC(0)   Evacuate Collection Set: 8.7ms
[2025-05-06T12:02:06.079-0400][gc,phases   ] GC(0)   Post Evacuate Collection Set: 0.5ms
[2025-05-06T12:02:06.079-0400][gc,phases   ] GC(0)   Other: 0.8ms
[2025-05-06T12:02:06.079-0400][gc,heap     ] GC(0) Eden regions: 51->0(44)
[2025-05-06T12:02:06.079-0400][gc,heap     ] GC(0) Survivor regions: 0->7(7)
[2025-05-06T12:02:06.079-0400][gc,heap     ] GC(0) Old regions: 0->1
[2025-05-06T12:02:06.079-0400][gc,heap     ] GC(0) Archive regions: 2->2
[2025-05-06T12:02:06.079-0400][gc,heap     ] GC(0) Humongous regions: 0->0
[2025-05-06T12:02:06.079-0400][gc,metaspace] GC(0) Metaspace: 16982K(17216K)->16982K(17216K) NonClass: 14912K(15040K)->14912K(15040K) Class: 2070K(2176K)->2070K(2176K)
[2025-05-06T12:02:06.079-0400][gc          ] GC(0) Pause Young (Normal) (G1 Evacuation Pause) 51M->8M(1024M) 10.280ms
[2025-05-06T12:02:06.079-0400][gc,cpu      ] GC(0) User=0.00s Sys=0.04s Real=0.02s
[2025-05-06T12:02:06.408-0400][gc,start    ] GC(1) Pause Young (Concurrent Start) (Metadata GC Threshold)
[2025-05-06T12:02:06.408-0400][gc,task     ] GC(1) Using 4 workers of 4 for evacuation
[2025-05-06T12:02:06.417-0400][gc,phases   ] GC(1)   Pre Evacuate Collection Set: 0.1ms
[2025-05-06T12:02:06.417-0400][gc,phases   ] GC(1)   Merge Heap Roots: 0.1ms
[2025-05-06T12:02:06.417-0400][gc,phases   ] GC(1)   Evacuate Collection Set: 8.8ms
[2025-05-06T12:02:06.417-0400][gc,phases   ] GC(1)   Post Evacuate Collection Set: 0.4ms
[2025-05-06T12:02:06.417-0400][gc,phases   ] GC(1)   Other: 0.2ms
[2025-05-06T12:02:06.417-0400][gc,heap     ] GC(1) Eden regions: 14->0(49)
[2025-05-06T12:02:06.417-0400][gc,heap     ] GC(1) Survivor regions: 7->2(7)
[2025-05-06T12:02:06.417-0400][gc,heap     ] GC(1) Old regions: 1->8
[2025-05-06T12:02:06.417-0400][gc,heap     ] GC(1) Archive regions: 2->2
[2025-05-06T12:02:06.417-0400][gc,heap     ] GC(1) Humongous regions: 0->0
[2025-05-06T12:02:06.417-0400][gc,metaspace] GC(1) Metaspace: 21254K(21504K)->21254K(21504K) NonClass: 18625K(18752K)->18625K(18752K) Class: 2629K(2752K)->2629K(2752K)
[2025-05-06T12:02:06.417-0400][gc          ] GC(1) Pause Young (Concurrent Start) (Metadata GC Threshold) 22M->9M(1024M) 9.814ms
[2025-05-06T12:02:06.417-0400][gc,cpu      ] GC(1) User=0.03s Sys=0.01s Real=0.02s
[2025-05-06T12:02:06.417-0400][gc          ] GC(2) Concurrent Mark Cycle
[2025-05-06T12:02:06.417-0400][gc,marking  ] GC(2) Concurrent Clear Claimed Marks
[2025-05-06T12:02:06.417-0400][gc,marking  ] GC(2) Concurrent Clear Claimed Marks 0.026ms
[2025-05-06T12:02:06.417-0400][gc,marking  ] GC(2) Concurrent Scan Root Regions
[2025-05-06T12:02:06.424-0400][gc,marking  ] GC(2) Concurrent Scan Root Regions 6.203ms
[2025-05-06T12:02:06.424-0400][gc,marking  ] GC(2) Concurrent Mark
[2025-05-06T12:02:06.424-0400][gc,marking  ] GC(2) Concurrent Mark From Roots
[2025-05-06T12:02:06.424-0400][gc,task     ] GC(2) Using 1 workers of 1 for marking
[2025-05-06T12:02:06.431-0400][gc,marking  ] GC(2) Concurrent Mark From Roots 7.215ms
[2025-05-06T12:02:06.431-0400][gc,marking  ] GC(2) Concurrent Preclean
[2025-05-06T12:02:06.431-0400][gc,marking  ] GC(2) Concurrent Preclean 0.085ms
[2025-05-06T12:02:06.431-0400][gc,start    ] GC(2) Pause Remark
[2025-05-06T12:02:06.435-0400][gc          ] GC(2) Pause Remark 10M->10M(1024M) 3.350ms
[2025-05-06T12:02:06.435-0400][gc,cpu      ] GC(2) User=0.02s Sys=0.00s Real=0.00s
[2025-05-06T12:02:06.435-0400][gc,marking  ] GC(2) Concurrent Mark 10.939ms
[2025-05-06T12:02:06.435-0400][gc,marking  ] GC(2) Concurrent Rebuild Remembered Sets
[2025-05-06T12:02:06.449-0400][gc,marking  ] GC(2) Concurrent Rebuild Remembered Sets 13.900ms
[2025-05-06T12:02:06.449-0400][gc,start    ] GC(2) Pause Cleanup
[2025-05-06T12:02:06.449-0400][gc          ] GC(2) Pause Cleanup 10M->10M(1024M) 0.260ms
[2025-05-06T12:02:06.449-0400][gc,cpu      ] GC(2) User=0.01s Sys=0.00s Real=0.01s
[2025-05-06T12:02:06.449-0400][gc,marking  ] GC(2) Concurrent Cleanup for Next Mark
[2025-05-06T12:02:06.458-0400][gc,marking  ] GC(2) Concurrent Cleanup for Next Mark 9.143ms
[2025-05-06T12:02:06.458-0400][gc          ] GC(2) Concurrent Mark Cycle 40.900ms
[2025-05-06T12:02:07.558-0400][gc,start    ] GC(3) Pause Young (Normal) (G1 Evacuation Pause)
[2025-05-06T12:02:07.558-0400][gc,task     ] GC(3) Using 4 workers of 4 for evacuation
[2025-05-06T12:02:07.568-0400][gc,phases   ] GC(3)   Pre Evacuate Collection Set: 0.2ms
[2025-05-06T12:02:07.568-0400][gc,phases   ] GC(3)   Merge Heap Roots: 0.1ms
[2025-05-06T12:02:07.568-0400][gc,phases   ] GC(3)   Evacuate Collection Set: 8.6ms
[2025-05-06T12:02:07.568-0400][gc,phases   ] GC(3)   Post Evacuate Collection Set: 0.5ms
[2025-05-06T12:02:07.568-0400][gc,phases   ] GC(3)   Other: 0.1ms
[2025-05-06T12:02:07.568-0400][gc,heap     ] GC(3) Eden regions: 49->0(45)
[2025-05-06T12:02:07.568-0400][gc,heap     ] GC(3) Survivor regions: 2->6(7)
[2025-05-06T12:02:07.568-0400][gc,heap     ] GC(3) Old regions: 8->8
[2025-05-06T12:02:07.568-0400][gc,heap     ] GC(3) Archive regions: 2->2
[2025-05-06T12:02:07.568-0400][gc,heap     ] GC(3) Humongous regions: 9->9
[2025-05-06T12:02:07.568-0400][gc,metaspace] GC(3) Metaspace: 33504K(33920K)->33504K(33920K) NonClass: 29549K(29760K)->29549K(29760K) Class: 3954K(4160K)->3954K(4160K)
[2025-05-06T12:02:07.568-0400][gc          ] GC(3) Pause Young (Normal) (G1 Evacuation Pause) 67M->23M(1024M) 9.687ms
[2025-05-06T12:02:07.568-0400][gc,cpu      ] GC(3) User=0.03s Sys=0.00s Real=0.00s
[2025-05-06T12:02:07.743-0400][gc,start    ] GC(4) Pause Young (Concurrent Start) (Metadata GC Threshold)
[2025-05-06T12:02:07.743-0400][gc,task     ] GC(4) Using 4 workers of 4 for evacuation
[2025-05-06T12:02:07.753-0400][gc,phases   ] GC(4)   Pre Evacuate Collection Set: 0.1ms
[2025-05-06T12:02:07.753-0400][gc,phases   ] GC(4)   Merge Heap Roots: 0.1ms
[2025-05-06T12:02:07.753-0400][gc,phases   ] GC(4)   Evacuate Collection Set: 9.1ms
[2025-05-06T12:02:07.753-0400][gc,phases   ] GC(4)   Post Evacuate Collection Set: 0.7ms
[2025-05-06T12:02:07.753-0400][gc,phases   ] GC(4)   Other: 0.2ms
[2025-05-06T12:02:07.753-0400][gc,heap     ] GC(4) Eden regions: 13->0(49)
[2025-05-06T12:02:07.753-0400][gc,heap     ] GC(4) Survivor regions: 6->2(7)
[2025-05-06T12:02:07.753-0400][gc,heap     ] GC(4) Old regions: 8->14
[2025-05-06T12:02:07.753-0400][gc,heap     ] GC(4) Archive regions: 2->2
[2025-05-06T12:02:07.753-0400][gc,heap     ] GC(4) Humongous regions: 9->9
[2025-05-06T12:02:07.753-0400][gc,metaspace] GC(4) Metaspace: 35707K(36096K)->35707K(36096K) NonClass: 31483K(31680K)->31483K(31680K) Class: 4224K(4416K)->4224K(4416K)
[2025-05-06T12:02:07.753-0400][gc          ] GC(4) Pause Young (Concurrent Start) (Metadata GC Threshold) 35M->24M(1024M) 10.347ms
[2025-05-06T12:02:07.753-0400][gc,cpu      ] GC(4) User=0.02s Sys=0.02s Real=0.01s
[2025-05-06T12:02:07.753-0400][gc          ] GC(5) Concurrent Mark Cycle
[2025-05-06T12:02:07.753-0400][gc,marking  ] GC(5) Concurrent Clear Claimed Marks
[2025-05-06T12:02:07.753-0400][gc,marking  ] GC(5) Concurrent Clear Claimed Marks 0.036ms
[2025-05-06T12:02:07.753-0400][gc,marking  ] GC(5) Concurrent Scan Root Regions
[2025-05-06T12:02:07.762-0400][gc,marking  ] GC(5) Concurrent Scan Root Regions 8.376ms
[2025-05-06T12:02:07.762-0400][gc,marking  ] GC(5) Concurrent Mark
[2025-05-06T12:02:07.762-0400][gc,marking  ] GC(5) Concurrent Mark From Roots
[2025-05-06T12:02:07.762-0400][gc,task     ] GC(5) Using 1 workers of 1 for marking
[2025-05-06T12:02:07.790-0400][gc,marking  ] GC(5) Concurrent Mark From Roots 28.532ms
[2025-05-06T12:02:07.790-0400][gc,marking  ] GC(5) Concurrent Preclean
[2025-05-06T12:02:07.790-0400][gc,marking  ] GC(5) Concurrent Preclean 0.160ms
[2025-05-06T12:02:07.791-0400][gc,start    ] GC(5) Pause Remark
[2025-05-06T12:02:07.793-0400][gc          ] GC(5) Pause Remark 27M->27M(1024M) 2.345ms
[2025-05-06T12:02:07.793-0400][gc,cpu      ] GC(5) User=0.01s Sys=0.00s Real=0.00s
[2025-05-06T12:02:07.793-0400][gc,marking  ] GC(5) Concurrent Mark 31.547ms
[2025-05-06T12:02:07.793-0400][gc,marking  ] GC(5) Concurrent Rebuild Remembered Sets
[2025-05-06T12:02:07.808-0400][gc,marking  ] GC(5) Concurrent Rebuild Remembered Sets 14.798ms
[2025-05-06T12:02:07.808-0400][gc,start    ] GC(5) Pause Cleanup
[2025-05-06T12:02:07.808-0400][gc          ] GC(5) Pause Cleanup 28M->28M(1024M) 0.168ms
[2025-05-06T12:02:07.808-0400][gc,cpu      ] GC(5) User=0.00s Sys=0.00s Real=0.00s
[2025-05-06T12:02:07.808-0400][gc,marking  ] GC(5) Concurrent Cleanup for Next Mark
[2025-05-06T12:02:07.816-0400][gc,marking  ] GC(5) Concurrent Cleanup for Next Mark 7.883ms
[2025-05-06T12:02:07.816-0400][gc          ] GC(5) Concurrent Mark Cycle 63.233ms
[2025-05-06T12:02:33.210-0400][gc,start    ] GC(6) Pause Young (Prepare Mixed) (G1 Evacuation Pause)
[2025-05-06T12:02:33.210-0400][gc,task     ] GC(6) Using 4 workers of 4 for evacuation
[2025-05-06T12:02:33.226-0400][gc,phases   ] GC(6)   Pre Evacuate Collection Set: 0.2ms
[2025-05-06T12:02:33.226-0400][gc,phases   ] GC(6)   Merge Heap Roots: 0.1ms
[2025-05-06T12:02:33.226-0400][gc,phases   ] GC(6)   Evacuate Collection Set: 14.8ms
[2025-05-06T12:02:33.226-0400][gc,phases   ] GC(6)   Post Evacuate Collection Set: 0.6ms
[2025-05-06T12:02:33.226-0400][gc,phases   ] GC(6)   Other: 0.2ms
[2025-05-06T12:02:33.226-0400][gc,heap     ] GC(6) Eden regions: 49->0(44)
[2025-05-06T12:02:33.226-0400][gc,heap     ] GC(6) Survivor regions: 2->7(7)
[2025-05-06T12:02:33.226-0400][gc,heap     ] GC(6) Old regions: 14->15
[2025-05-06T12:02:33.226-0400][gc,heap     ] GC(6) Archive regions: 2->2
[2025-05-06T12:02:33.226-0400][gc,heap     ] GC(6) Humongous regions: 138->138
[2025-05-06T12:02:33.226-0400][gc,metaspace] GC(6) Metaspace: 43383K(44160K)->43383K(44160K) NonClass: 38168K(38528K)->38168K(38528K) Class: 5214K(5632K)->5214K(5632K)
[2025-05-06T12:02:33.226-0400][gc          ] GC(6) Pause Young (Prepare Mixed) (G1 Evacuation Pause) 202M->160M(1024M) 15.971ms
[2025-05-06T12:02:33.226-0400][gc,cpu      ] GC(6) User=0.04s Sys=0.00s Real=0.01s
[2025-05-06T12:04:32.282-0400][gc,start    ] GC(7) Pause Young (Mixed) (G1 Evacuation Pause)
[2025-05-06T12:04:32.282-0400][gc,task     ] GC(7) Using 4 workers of 4 for evacuation
[2025-05-06T12:04:32.308-0400][gc,mmu      ] GC(7) MMU target violated: 21.0ms (20.0ms/21.0ms)
[2025-05-06T12:04:32.308-0400][gc,phases   ] GC(7)   Pre Evacuate Collection Set: 0.3ms
[2025-05-06T12:04:32.308-0400][gc,phases   ] GC(7)   Merge Heap Roots: 0.2ms
[2025-05-06T12:04:32.308-0400][gc,phases   ] GC(7)   Evacuate Collection Set: 24.4ms
[2025-05-06T12:04:32.308-0400][gc,phases   ] GC(7)   Post Evacuate Collection Set: 1.0ms
[2025-05-06T12:04:32.308-0400][gc,phases   ] GC(7)   Other: 0.3ms
[2025-05-06T12:04:32.308-0400][gc,heap     ] GC(7) Eden regions: 44->0(48)
[2025-05-06T12:04:32.308-0400][gc,heap     ] GC(7) Survivor regions: 7->3(7)
[2025-05-06T12:04:32.308-0400][gc,heap     ] GC(7) Old regions: 15->22
[2025-05-06T12:04:32.308-0400][gc,heap     ] GC(7) Archive regions: 2->2
[2025-05-06T12:04:32.308-0400][gc,heap     ] GC(7) Humongous regions: 142->142
[2025-05-06T12:04:32.308-0400][gc,metaspace] GC(7) Metaspace: 46917K(47808K)->46917K(47808K) NonClass: 41334K(41792K)->41334K(41792K) Class: 5582K(6016K)->5582K(6016K)
[2025-05-06T12:04:32.308-0400][gc          ] GC(7) Pause Young (Mixed) (G1 Evacuation Pause) 208M->167M(1024M) 26.312ms
[2025-05-06T12:04:32.308-0400][gc,cpu      ] GC(7) User=0.08s Sys=0.02s Real=0.02s
[2025-05-06T12:08:28.581-0400][gc,start    ] GC(8) Pause Young (Concurrent Start) (G1 Evacuation Pause)
[2025-05-06T12:08:28.581-0400][gc,task     ] GC(8) Using 4 workers of 4 for evacuation
[2025-05-06T12:08:28.598-0400][gc,phases   ] GC(8)   Pre Evacuate Collection Set: 0.5ms
[2025-05-06T12:08:28.598-0400][gc,phases   ] GC(8)   Merge Heap Roots: 0.2ms
[2025-05-06T12:08:28.598-0400][gc,phases   ] GC(8)   Evacuate Collection Set: 14.9ms
[2025-05-06T12:08:28.598-0400][gc,phases   ] GC(8)   Post Evacuate Collection Set: 1.2ms
[2025-05-06T12:08:28.598-0400][gc,phases   ] GC(8)   Other: 0.4ms
[2025-05-06T12:08:28.598-0400][gc,heap     ] GC(8) Eden regions: 48->0(47)
[2025-05-06T12:08:28.598-0400][gc,heap     ] GC(8) Survivor regions: 3->4(7)
[2025-05-06T12:08:28.598-0400][gc,heap     ] GC(8) Old regions: 22->22
[2025-05-06T12:08:28.598-0400][gc,heap     ] GC(8) Archive regions: 2->2
[2025-05-06T12:08:28.598-0400][gc,heap     ] GC(8) Humongous regions: 142->142
[2025-05-06T12:08:28.598-0400][gc,metaspace] GC(8) Metaspace: 48232K(49152K)->48232K(49152K) NonClass: 42574K(43072K)->42574K(43072K) Class: 5657K(6080K)->5657K(6080K)
[2025-05-06T12:08:28.598-0400][gc          ] GC(8) Pause Young (Concurrent Start) (G1 Evacuation Pause) 215M->168M(1024M) 17.436ms
[2025-05-06T12:08:28.598-0400][gc,cpu      ] GC(8) User=0.06s Sys=0.00s Real=0.02s
[2025-05-06T12:08:28.598-0400][gc          ] GC(9) Concurrent Mark Cycle
[2025-05-06T12:08:28.598-0400][gc,marking  ] GC(9) Concurrent Clear Claimed Marks
[2025-05-06T12:08:28.598-0400][gc,marking  ] GC(9) Concurrent Clear Claimed Marks 0.139ms
[2025-05-06T12:08:28.598-0400][gc,marking  ] GC(9) Concurrent Scan Root Regions
[2025-05-06T12:08:28.603-0400][gc,marking  ] GC(9) Concurrent Scan Root Regions 4.240ms
[2025-05-06T12:08:28.603-0400][gc,marking  ] GC(9) Concurrent Mark
[2025-05-06T12:08:28.603-0400][gc,marking  ] GC(9) Concurrent Mark From Roots
[2025-05-06T12:08:28.603-0400][gc,task     ] GC(9) Using 1 workers of 1 for marking
[2025-05-06T12:08:28.637-0400][gc,marking  ] GC(9) Concurrent Mark From Roots 33.837ms
[2025-05-06T12:08:28.637-0400][gc,marking  ] GC(9) Concurrent Preclean
[2025-05-06T12:08:28.637-0400][gc,marking  ] GC(9) Concurrent Preclean 0.095ms
[2025-05-06T12:08:28.637-0400][gc,start    ] GC(9) Pause Remark
[2025-05-06T12:08:28.642-0400][gc          ] GC(9) Pause Remark 169M->169M(1024M) 5.186ms
[2025-05-06T12:08:28.642-0400][gc,cpu      ] GC(9) User=0.01s Sys=0.01s Real=0.01s
[2025-05-06T12:08:28.642-0400][gc,marking  ] GC(9) Concurrent Mark 39.326ms
[2025-05-06T12:08:28.642-0400][gc,marking  ] GC(9) Concurrent Rebuild Remembered Sets
[2025-05-06T12:08:28.660-0400][gc,marking  ] GC(9) Concurrent Rebuild Remembered Sets 17.375ms
[2025-05-06T12:08:28.660-0400][gc,start    ] GC(9) Pause Cleanup
[2025-05-06T12:08:28.660-0400][gc          ] GC(9) Pause Cleanup 169M->169M(1024M) 0.151ms
[2025-05-06T12:08:28.660-0400][gc,cpu      ] GC(9) User=0.00s Sys=0.00s Real=0.00s
[2025-05-06T12:08:28.660-0400][gc,marking  ] GC(9) Concurrent Cleanup for Next Mark
[2025-05-06T12:08:28.661-0400][gc,marking  ] GC(9) Concurrent Cleanup for Next Mark 1.237ms
[2025-05-06T12:08:28.661-0400][gc          ] GC(9) Concurrent Mark Cycle 62.821ms
[2025-05-06T12:12:36.028-0400][gc,start    ] GC(10) Pause Young (Normal) (G1 Evacuation Pause)
[2025-05-06T12:12:36.028-0400][gc,task     ] GC(10) Using 4 workers of 4 for evacuation
[2025-05-06T12:12:36.037-0400][gc,phases   ] GC(10)   Pre Evacuate Collection Set: 0.3ms
[2025-05-06T12:12:36.037-0400][gc,phases   ] GC(10)   Merge Heap Roots: 0.2ms
[2025-05-06T12:12:36.037-0400][gc,phases   ] GC(10)   Evacuate Collection Set: 7.9ms
[2025-05-06T12:12:36.037-0400][gc,phases   ] GC(10)   Post Evacuate Collection Set: 0.5ms
[2025-05-06T12:12:36.037-0400][gc,phases   ] GC(10)   Other: 0.2ms
[2025-05-06T12:12:36.037-0400][gc,heap     ] GC(10) Eden regions: 47->0(48)
[2025-05-06T12:12:36.037-0400][gc,heap     ] GC(10) Survivor regions: 4->3(7)
[2025-05-06T12:12:36.037-0400][gc,heap     ] GC(10) Old regions: 22->24
[2025-05-06T12:12:36.037-0400][gc,heap     ] GC(10) Archive regions: 2->2
[2025-05-06T12:12:36.037-0400][gc,heap     ] GC(10) Humongous regions: 142->142
[2025-05-06T12:12:36.037-0400][gc,metaspace] GC(10) Metaspace: 48416K(49280K)->48416K(49280K) NonClass: 42747K(43200K)->42747K(43200K) Class: 5668K(6080K)->5668K(6080K)
[2025-05-06T12:12:36.037-0400][gc          ] GC(10) Pause Young (Normal) (G1 Evacuation Pause) 215M->169M(1024M) 9.047ms
[2025-05-06T12:12:36.037-0400][gc,cpu      ] GC(10) User=0.03s Sys=0.00s Real=0.01s
[2025-05-06T12:16:58.278-0400][gc,start    ] GC(11) Pause Young (Normal) (G1 Evacuation Pause)
[2025-05-06T12:16:58.278-0400][gc,task     ] GC(11) Using 4 workers of 4 for evacuation
[2025-05-06T12:16:58.295-0400][gc,phases   ] GC(11)   Pre Evacuate Collection Set: 0.4ms
[2025-05-06T12:16:58.295-0400][gc,phases   ] GC(11)   Merge Heap Roots: 0.2ms
[2025-05-06T12:16:58.295-0400][gc,phases   ] GC(11)   Evacuate Collection Set: 14.7ms
[2025-05-06T12:16:58.295-0400][gc,phases   ] GC(11)   Post Evacuate Collection Set: 1.1ms
[2025-05-06T12:16:58.295-0400][gc,phases   ] GC(11)   Other: 0.3ms
[2025-05-06T12:16:58.295-0400][gc,heap     ] GC(11) Eden regions: 48->0(47)
[2025-05-06T12:16:58.295-0400][gc,heap     ] GC(11) Survivor regions: 3->4(7)
[2025-05-06T12:16:58.295-0400][gc,heap     ] GC(11) Old regions: 24->24
[2025-05-06T12:16:58.295-0400][gc,heap     ] GC(11) Archive regions: 2->2
[2025-05-06T12:16:58.295-0400][gc,heap     ] GC(11) Humongous regions: 142->142
[2025-05-06T12:16:58.295-0400][gc,metaspace] GC(11) Metaspace: 48535K(49408K)->48535K(49408K) NonClass: 42865K(43328K)->42865K(43328K) Class: 5669K(6080K)->5669K(6080K)
[2025-05-06T12:16:58.295-0400][gc          ] GC(11) Pause Young (Normal) (G1 Evacuation Pause) 217M->170M(1024M) 16.907ms
[2025-05-06T12:16:58.295-0400][gc,cpu      ] GC(11) User=0.06s Sys=0.00s Real=0.01s
[2025-05-06T12:21:16.323-0400][gc,start    ] GC(12) Pause Young (Normal) (G1 Evacuation Pause)
[2025-05-06T12:21:16.323-0400][gc,task     ] GC(12) Using 4 workers of 4 for evacuation
[2025-05-06T12:21:16.331-0400][gc,phases   ] GC(12)   Pre Evacuate Collection Set: 0.3ms
[2025-05-06T12:21:16.331-0400][gc,phases   ] GC(12)   Merge Heap Roots: 0.1ms
[2025-05-06T12:21:16.331-0400][gc,phases   ] GC(12)   Evacuate Collection Set: 7.6ms
[2025-05-06T12:21:16.331-0400][gc,phases   ] GC(12)   Post Evacuate Collection Set: 0.5ms
[2025-05-06T12:21:16.331-0400][gc,phases   ] GC(12)   Other: 0.3ms
[2025-05-06T12:21:16.332-0400][gc,heap     ] GC(12) Eden regions: 47->0(46)
[2025-05-06T12:21:16.332-0400][gc,heap     ] GC(12) Survivor regions: 4->5(7)
[2025-05-06T12:21:16.332-0400][gc,heap     ] GC(12) Old regions: 24->24
[2025-05-06T12:21:16.332-0400][gc,heap     ] GC(12) Archive regions: 2->2
[2025-05-06T12:21:16.332-0400][gc,heap     ] GC(12) Humongous regions: 142->142
[2025-05-06T12:21:16.332-0400][gc,metaspace] GC(12) Metaspace: 48641K(49472K)->48641K(49472K) NonClass: 42964K(43392K)->42964K(43392K) Class: 5676K(6080K)->5676K(6080K)
[2025-05-06T12:21:16.332-0400][gc          ] GC(12) Pause Young (Normal) (G1 Evacuation Pause) 217M->171M(1024M) 8.805ms
[2025-05-06T12:21:16.332-0400][gc,cpu      ] GC(12) User=0.03s Sys=0.00s Real=0.01s
[2025-05-06T12:21:16.766-0400][gc,heap,exit] Heap
[2025-05-06T12:21:16.767-0400][gc,heap,exit]  garbage-first heap   total 1048576K, used 191009K [0x00000000c0000000, 0x0000000100000000)
[2025-05-06T12:21:16.767-0400][gc,heap,exit]   region size 1024K, 20 young (20480K), 5 survivors (5120K)
[2025-05-06T12:21:16.767-0400][gc,heap,exit]  Metaspace       used 49733K, committed 50624K, reserved 1114112K
[2025-05-06T12:21:16.767-0400][gc,heap,exit]   class space    used 5900K, committed 6336K, reserved 1048576K
