[2025-05-06T11:14:07.528-0400][gc] Using G1
[2025-05-06T11:14:07.541-0400][gc,init] Version: 17.0.15+6-Debian-1deb12u1 (release)
[2025-05-06T11:14:07.541-0400][gc,init] CPUs: 4 total, 4 available
[2025-05-06T11:14:07.541-0400][gc,init] Memory: 7836M
[2025-05-06T11:14:07.541-0400][gc,init] Large Page Support: Disabled
[2025-05-06T11:14:07.541-0400][gc,init] NUMA Support: Disabled
[2025-05-06T11:14:07.541-0400][gc,init] Compressed Oops: Enabled (32-bit)
[2025-05-06T11:14:07.541-0400][gc,init] Heap Region Size: 1M
[2025-05-06T11:14:07.541-0400][gc,init] Heap Min Capacity: 1G
[2025-05-06T11:14:07.541-0400][gc,init] Heap Initial Capacity: 1G
[2025-05-06T11:14:07.541-0400][gc,init] Heap Max Capacity: 1G
[2025-05-06T11:14:07.541-0400][gc,init] Pre-touch: Disabled
[2025-05-06T11:14:07.541-0400][gc,init] Parallel Workers: 4
[2025-05-06T11:14:07.541-0400][gc,init] Concurrent Workers: 1
[2025-05-06T11:14:07.541-0400][gc,init] Concurrent Refinement Workers: 4
[2025-05-06T11:14:07.541-0400][gc,init] Periodic GC: Disabled
[2025-05-06T11:14:07.548-0400][gc,metaspace] CDS archive(s) mapped at: [0x00007f58b7000000-0x00007f58b7bc7000-0x00007f58b7bc7000), size 12349440, SharedBaseAddress: 0x00007f58b7000000, ArchiveRelocationMode: 1.
[2025-05-06T11:14:07.548-0400][gc,metaspace] Compressed class space mapped at: 0x00007f58b8000000-0x00007f58f8000000, reserved size: 1073741824
[2025-05-06T11:14:07.548-0400][gc,metaspace] Narrow klass base: 0x00007f58b7000000, Narrow klass shift: 0, Narrow klass range: 0x100000000
[2025-05-06T11:14:08.827-0400][gc,start    ] GC(0) Pause Young (Normal) (G1 Evacuation Pause)
[2025-05-06T11:14:08.827-0400][gc,task     ] GC(0) Using 4 workers of 4 for evacuation
[2025-05-06T11:14:08.837-0400][gc,phases   ] GC(0)   Pre Evacuate Collection Set: 0.2ms
[2025-05-06T11:14:08.837-0400][gc,phases   ] GC(0)   Merge Heap Roots: 0.1ms
[2025-05-06T11:14:08.837-0400][gc,phases   ] GC(0)   Evacuate Collection Set: 8.8ms
[2025-05-06T11:14:08.837-0400][gc,phases   ] GC(0)   Post Evacuate Collection Set: 0.5ms
[2025-05-06T11:14:08.837-0400][gc,phases   ] GC(0)   Other: 0.6ms
[2025-05-06T11:14:08.837-0400][gc,heap     ] GC(0) Eden regions: 51->0(44)
[2025-05-06T11:14:08.837-0400][gc,heap     ] GC(0) Survivor regions: 0->7(7)
[2025-05-06T11:14:08.837-0400][gc,heap     ] GC(0) Old regions: 0->1
[2025-05-06T11:14:08.837-0400][gc,heap     ] GC(0) Archive regions: 2->2
[2025-05-06T11:14:08.837-0400][gc,heap     ] GC(0) Humongous regions: 0->0
[2025-05-06T11:14:08.837-0400][gc,metaspace] GC(0) Metaspace: 17050K(17280K)->17050K(17280K) NonClass: 14984K(15104K)->14984K(15104K) Class: 2066K(2176K)->2066K(2176K)
[2025-05-06T11:14:08.837-0400][gc          ] GC(0) Pause Young (Normal) (G1 Evacuation Pause) 51M->8M(1024M) 10.286ms
[2025-05-06T11:14:08.837-0400][gc,cpu      ] GC(0) User=0.03s Sys=0.02s Real=0.01s
[2025-05-06T11:14:09.133-0400][gc,start    ] GC(1) Pause Young (Concurrent Start) (Metadata GC Threshold)
[2025-05-06T11:14:09.133-0400][gc,task     ] GC(1) Using 4 workers of 4 for evacuation
[2025-05-06T11:14:09.143-0400][gc,phases   ] GC(1)   Pre Evacuate Collection Set: 0.1ms
[2025-05-06T11:14:09.143-0400][gc,phases   ] GC(1)   Merge Heap Roots: 0.1ms
[2025-05-06T11:14:09.143-0400][gc,phases   ] GC(1)   Evacuate Collection Set: 9.5ms
[2025-05-06T11:14:09.143-0400][gc,phases   ] GC(1)   Post Evacuate Collection Set: 0.4ms
[2025-05-06T11:14:09.143-0400][gc,phases   ] GC(1)   Other: 0.2ms
[2025-05-06T11:14:09.143-0400][gc,heap     ] GC(1) Eden regions: 14->0(49)
[2025-05-06T11:14:09.143-0400][gc,heap     ] GC(1) Survivor regions: 7->2(7)
[2025-05-06T11:14:09.143-0400][gc,heap     ] GC(1) Old regions: 1->9
[2025-05-06T11:14:09.143-0400][gc,heap     ] GC(1) Archive regions: 2->2
[2025-05-06T11:14:09.143-0400][gc,heap     ] GC(1) Humongous regions: 0->0
[2025-05-06T11:14:09.143-0400][gc,metaspace] GC(1) Metaspace: 21313K(21504K)->21313K(21504K) NonClass: 18674K(18752K)->18674K(18752K) Class: 2639K(2752K)->2639K(2752K)
[2025-05-06T11:14:09.143-0400][gc          ] GC(1) Pause Young (Concurrent Start) (Metadata GC Threshold) 22M->10M(1024M) 10.485ms
[2025-05-06T11:14:09.143-0400][gc,cpu      ] GC(1) User=0.03s Sys=0.02s Real=0.01s
[2025-05-06T11:14:09.143-0400][gc          ] GC(2) Concurrent Mark Cycle
[2025-05-06T11:14:09.143-0400][gc,marking  ] GC(2) Concurrent Clear Claimed Marks
[2025-05-06T11:14:09.143-0400][gc,marking  ] GC(2) Concurrent Clear Claimed Marks 0.025ms
[2025-05-06T11:14:09.143-0400][gc,marking  ] GC(2) Concurrent Scan Root Regions
[2025-05-06T11:14:09.149-0400][gc,marking  ] GC(2) Concurrent Scan Root Regions 5.491ms
[2025-05-06T11:14:09.149-0400][gc,marking  ] GC(2) Concurrent Mark
[2025-05-06T11:14:09.149-0400][gc,marking  ] GC(2) Concurrent Mark From Roots
[2025-05-06T11:14:09.149-0400][gc,task     ] GC(2) Using 1 workers of 1 for marking
[2025-05-06T11:14:09.156-0400][gc,marking  ] GC(2) Concurrent Mark From Roots 6.734ms
[2025-05-06T11:14:09.156-0400][gc,marking  ] GC(2) Concurrent Preclean
[2025-05-06T11:14:09.156-0400][gc,marking  ] GC(2) Concurrent Preclean 0.092ms
[2025-05-06T11:14:09.156-0400][gc,start    ] GC(2) Pause Remark
[2025-05-06T11:14:09.158-0400][gc          ] GC(2) Pause Remark 10M->10M(1024M) 2.617ms
[2025-05-06T11:14:09.159-0400][gc,cpu      ] GC(2) User=0.01s Sys=0.00s Real=0.01s
[2025-05-06T11:14:09.159-0400][gc,marking  ] GC(2) Concurrent Mark 9.722ms
[2025-05-06T11:14:09.159-0400][gc,marking  ] GC(2) Concurrent Rebuild Remembered Sets
[2025-05-06T11:14:09.166-0400][gc,marking  ] GC(2) Concurrent Rebuild Remembered Sets 7.341ms
[2025-05-06T11:14:09.166-0400][gc,start    ] GC(2) Pause Cleanup
[2025-05-06T11:14:09.166-0400][gc          ] GC(2) Pause Cleanup 10M->10M(1024M) 0.242ms
[2025-05-06T11:14:09.166-0400][gc,cpu      ] GC(2) User=0.00s Sys=0.00s Real=0.00s
[2025-05-06T11:14:09.166-0400][gc,marking  ] GC(2) Concurrent Cleanup for Next Mark
[2025-05-06T11:14:09.171-0400][gc,marking  ] GC(2) Concurrent Cleanup for Next Mark 4.717ms
[2025-05-06T11:14:09.171-0400][gc          ] GC(2) Concurrent Mark Cycle 28.041ms
[2025-05-06T11:14:10.113-0400][gc,start    ] GC(3) Pause Young (Normal) (G1 Evacuation Pause)
[2025-05-06T11:14:10.113-0400][gc,task     ] GC(3) Using 4 workers of 4 for evacuation
[2025-05-06T11:14:10.120-0400][gc,phases   ] GC(3)   Pre Evacuate Collection Set: 0.1ms
[2025-05-06T11:14:10.120-0400][gc,phases   ] GC(3)   Merge Heap Roots: 0.1ms
[2025-05-06T11:14:10.120-0400][gc,phases   ] GC(3)   Evacuate Collection Set: 6.8ms
[2025-05-06T11:14:10.120-0400][gc,phases   ] GC(3)   Post Evacuate Collection Set: 0.5ms
[2025-05-06T11:14:10.120-0400][gc,phases   ] GC(3)   Other: 0.1ms
[2025-05-06T11:14:10.120-0400][gc,heap     ] GC(3) Eden regions: 49->0(45)
[2025-05-06T11:14:10.120-0400][gc,heap     ] GC(3) Survivor regions: 2->6(7)
[2025-05-06T11:14:10.120-0400][gc,heap     ] GC(3) Old regions: 9->9
[2025-05-06T11:14:10.120-0400][gc,heap     ] GC(3) Archive regions: 2->2
[2025-05-06T11:14:10.120-0400][gc,heap     ] GC(3) Humongous regions: 9->9
[2025-05-06T11:14:10.120-0400][gc,metaspace] GC(3) Metaspace: 33487K(33920K)->33487K(33920K) NonClass: 29530K(29760K)->29530K(29760K) Class: 3957K(4160K)->3957K(4160K)
[2025-05-06T11:14:10.120-0400][gc          ] GC(3) Pause Young (Normal) (G1 Evacuation Pause) 68M->23M(1024M) 7.653ms
[2025-05-06T11:14:10.120-0400][gc,cpu      ] GC(3) User=0.03s Sys=0.00s Real=0.01s
[2025-05-06T11:14:10.297-0400][gc,start    ] GC(4) Pause Young (Concurrent Start) (Metadata GC Threshold)
[2025-05-06T11:14:10.297-0400][gc,task     ] GC(4) Using 4 workers of 4 for evacuation
[2025-05-06T11:14:10.307-0400][gc,phases   ] GC(4)   Pre Evacuate Collection Set: 0.1ms
[2025-05-06T11:14:10.307-0400][gc,phases   ] GC(4)   Merge Heap Roots: 0.1ms
[2025-05-06T11:14:10.307-0400][gc,phases   ] GC(4)   Evacuate Collection Set: 9.1ms
[2025-05-06T11:14:10.307-0400][gc,phases   ] GC(4)   Post Evacuate Collection Set: 0.6ms
[2025-05-06T11:14:10.307-0400][gc,phases   ] GC(4)   Other: 0.2ms
[2025-05-06T11:14:10.307-0400][gc,heap     ] GC(4) Eden regions: 13->0(49)
[2025-05-06T11:14:10.307-0400][gc,heap     ] GC(4) Survivor regions: 6->2(7)
[2025-05-06T11:14:10.307-0400][gc,heap     ] GC(4) Old regions: 9->14
[2025-05-06T11:14:10.307-0400][gc,heap     ] GC(4) Archive regions: 2->2
[2025-05-06T11:14:10.307-0400][gc,heap     ] GC(4) Humongous regions: 9->9
[2025-05-06T11:14:10.307-0400][gc,metaspace] GC(4) Metaspace: 35723K(36096K)->35723K(36096K) NonClass: 31492K(31680K)->31492K(31680K) Class: 4230K(4416K)->4230K(4416K)
[2025-05-06T11:14:10.307-0400][gc          ] GC(4) Pause Young (Concurrent Start) (Metadata GC Threshold) 36M->24M(1024M) 10.221ms
[2025-05-06T11:14:10.307-0400][gc,cpu      ] GC(4) User=0.02s Sys=0.02s Real=0.01s
[2025-05-06T11:14:10.307-0400][gc          ] GC(5) Concurrent Mark Cycle
[2025-05-06T11:14:10.307-0400][gc,marking  ] GC(5) Concurrent Clear Claimed Marks
[2025-05-06T11:14:10.307-0400][gc,marking  ] GC(5) Concurrent Clear Claimed Marks 0.040ms
[2025-05-06T11:14:10.307-0400][gc,marking  ] GC(5) Concurrent Scan Root Regions
[2025-05-06T11:14:10.316-0400][gc,marking  ] GC(5) Concurrent Scan Root Regions 8.263ms
[2025-05-06T11:14:10.316-0400][gc,marking  ] GC(5) Concurrent Mark
[2025-05-06T11:14:10.316-0400][gc,marking  ] GC(5) Concurrent Mark From Roots
[2025-05-06T11:14:10.316-0400][gc,task     ] GC(5) Using 1 workers of 1 for marking
[2025-05-06T11:14:10.336-0400][gc,marking  ] GC(5) Concurrent Mark From Roots 20.446ms
[2025-05-06T11:14:10.336-0400][gc,marking  ] GC(5) Concurrent Preclean
[2025-05-06T11:14:10.336-0400][gc,marking  ] GC(5) Concurrent Preclean 0.155ms
[2025-05-06T11:14:10.336-0400][gc,start    ] GC(5) Pause Remark
[2025-05-06T11:14:10.340-0400][gc          ] GC(5) Pause Remark 25M->25M(1024M) 3.532ms
[2025-05-06T11:14:10.340-0400][gc,cpu      ] GC(5) User=0.01s Sys=0.00s Real=0.01s
[2025-05-06T11:14:10.340-0400][gc,marking  ] GC(5) Concurrent Mark 24.462ms
[2025-05-06T11:14:10.340-0400][gc,marking  ] GC(5) Concurrent Rebuild Remembered Sets
[2025-05-06T11:14:10.357-0400][gc,marking  ] GC(5) Concurrent Rebuild Remembered Sets 17.084ms
[2025-05-06T11:14:10.359-0400][gc,start    ] GC(5) Pause Cleanup
[2025-05-06T11:14:10.359-0400][gc          ] GC(5) Pause Cleanup 27M->27M(1024M) 0.182ms
[2025-05-06T11:14:10.359-0400][gc,cpu      ] GC(5) User=0.00s Sys=0.00s Real=0.00s
[2025-05-06T11:14:10.360-0400][gc,marking  ] GC(5) Concurrent Cleanup for Next Mark
[2025-05-06T11:14:10.369-0400][gc,marking  ] GC(5) Concurrent Cleanup for Next Mark 9.856ms
[2025-05-06T11:14:10.369-0400][gc          ] GC(5) Concurrent Mark Cycle 62.271ms
[2025-05-06T11:14:52.762-0400][gc,start    ] GC(6) Pause Young (Normal) (G1 Evacuation Pause)
[2025-05-06T11:14:52.762-0400][gc,task     ] GC(6) Using 4 workers of 4 for evacuation
[2025-05-06T11:14:52.788-0400][gc,mmu      ] GC(6) MMU target violated: 21.0ms (20.0ms/21.0ms)
[2025-05-06T11:14:52.788-0400][gc,phases   ] GC(6)   Pre Evacuate Collection Set: 0.3ms
[2025-05-06T11:14:52.788-0400][gc,phases   ] GC(6)   Merge Heap Roots: 0.2ms
[2025-05-06T11:14:52.788-0400][gc,phases   ] GC(6)   Evacuate Collection Set: 24.0ms
[2025-05-06T11:14:52.788-0400][gc,phases   ] GC(6)   Post Evacuate Collection Set: 1.6ms
[2025-05-06T11:14:52.788-0400][gc,phases   ] GC(6)   Other: 0.3ms
[2025-05-06T11:14:52.788-0400][gc,heap     ] GC(6) Eden regions: 49->0(44)
[2025-05-06T11:14:52.788-0400][gc,heap     ] GC(6) Survivor regions: 2->7(7)
[2025-05-06T11:14:52.788-0400][gc,heap     ] GC(6) Old regions: 14->16
[2025-05-06T11:14:52.788-0400][gc,heap     ] GC(6) Archive regions: 2->2
[2025-05-06T11:14:52.788-0400][gc,heap     ] GC(6) Humongous regions: 147->147
[2025-05-06T11:14:52.788-0400][gc,metaspace] GC(6) Metaspace: 43431K(44288K)->43431K(44288K) NonClass: 38218K(38656K)->38218K(38656K) Class: 5212K(5632K)->5212K(5632K)
[2025-05-06T11:14:52.788-0400][gc          ] GC(6) Pause Young (Normal) (G1 Evacuation Pause) 211M->170M(1024M) 26.559ms
[2025-05-06T11:14:52.789-0400][gc,cpu      ] GC(6) User=0.09s Sys=0.01s Real=0.02s
[2025-05-06T11:17:02.822-0400][gc,start    ] GC(7) Pause Young (Normal) (G1 Evacuation Pause)
[2025-05-06T11:17:02.822-0400][gc,task     ] GC(7) Using 4 workers of 4 for evacuation
[2025-05-06T11:17:02.853-0400][gc,mmu      ] GC(7) MMU target violated: 21.0ms (20.0ms/21.0ms)
[2025-05-06T11:17:02.853-0400][gc,phases   ] GC(7)   Pre Evacuate Collection Set: 0.4ms
[2025-05-06T11:17:02.853-0400][gc,phases   ] GC(7)   Merge Heap Roots: 0.2ms
[2025-05-06T11:17:02.853-0400][gc,phases   ] GC(7)   Evacuate Collection Set: 28.9ms
[2025-05-06T11:17:02.853-0400][gc,phases   ] GC(7)   Post Evacuate Collection Set: 1.6ms
[2025-05-06T11:17:02.853-0400][gc,phases   ] GC(7)   Other: 0.4ms
[2025-05-06T11:17:02.853-0400][gc,heap     ] GC(7) Eden regions: 44->0(48)
[2025-05-06T11:17:02.853-0400][gc,heap     ] GC(7) Survivor regions: 7->3(7)
[2025-05-06T11:17:02.853-0400][gc,heap     ] GC(7) Old regions: 16->23
[2025-05-06T11:17:02.853-0400][gc,heap     ] GC(7) Archive regions: 2->2
[2025-05-06T11:17:02.853-0400][gc,heap     ] GC(7) Humongous regions: 149->149
[2025-05-06T11:17:02.853-0400][gc,metaspace] GC(7) Metaspace: 47066K(48000K)->47066K(48000K) NonClass: 41436K(41920K)->41436K(41920K) Class: 5630K(6080K)->5630K(6080K)
[2025-05-06T11:17:02.854-0400][gc          ] GC(7) Pause Young (Normal) (G1 Evacuation Pause) 216M->175M(1024M) 31.602ms
[2025-05-06T11:17:02.854-0400][gc,cpu      ] GC(7) User=0.11s Sys=0.01s Real=0.03s
[2025-05-06T11:21:37.432-0400][gc,start    ] GC(8) Pause Young (Normal) (G1 Evacuation Pause)
[2025-05-06T11:21:37.432-0400][gc,task     ] GC(8) Using 4 workers of 4 for evacuation
[2025-05-06T11:21:37.450-0400][gc,phases   ] GC(8)   Pre Evacuate Collection Set: 0.4ms
[2025-05-06T11:21:37.450-0400][gc,phases   ] GC(8)   Merge Heap Roots: 0.2ms
[2025-05-06T11:21:37.450-0400][gc,phases   ] GC(8)   Evacuate Collection Set: 15.7ms
[2025-05-06T11:21:37.450-0400][gc,phases   ] GC(8)   Post Evacuate Collection Set: 1.2ms
[2025-05-06T11:21:37.450-0400][gc,phases   ] GC(8)   Other: 0.3ms
[2025-05-06T11:21:37.450-0400][gc,heap     ] GC(8) Eden regions: 48->0(45)
[2025-05-06T11:21:37.450-0400][gc,heap     ] GC(8) Survivor regions: 3->6(7)
[2025-05-06T11:21:37.450-0400][gc,heap     ] GC(8) Old regions: 23->23
[2025-05-06T11:21:37.450-0400][gc,heap     ] GC(8) Archive regions: 2->2
[2025-05-06T11:21:37.450-0400][gc,heap     ] GC(8) Humongous regions: 151->151
[2025-05-06T11:21:37.450-0400][gc,metaspace] GC(8) Metaspace: 48073K(48960K)->48073K(48960K) NonClass: 42436K(42880K)->42436K(42880K) Class: 5637K(6080K)->5637K(6080K)
[2025-05-06T11:21:37.450-0400][gc          ] GC(8) Pause Young (Normal) (G1 Evacuation Pause) 225M->179M(1024M) 17.984ms
[2025-05-06T11:21:37.450-0400][gc,cpu      ] GC(8) User=0.06s Sys=0.00s Real=0.02s
[2025-05-06T11:25:29.500-0400][gc,start    ] GC(9) Pause Young (Normal) (G1 Evacuation Pause)
[2025-05-06T11:25:29.500-0400][gc,task     ] GC(9) Using 4 workers of 4 for evacuation
[2025-05-06T11:25:29.514-0400][gc,phases   ] GC(9)   Pre Evacuate Collection Set: 0.2ms
[2025-05-06T11:25:29.514-0400][gc,phases   ] GC(9)   Merge Heap Roots: 0.1ms
[2025-05-06T11:25:29.514-0400][gc,phases   ] GC(9)   Evacuate Collection Set: 12.5ms
[2025-05-06T11:25:29.514-0400][gc,phases   ] GC(9)   Post Evacuate Collection Set: 0.9ms
[2025-05-06T11:25:29.514-0400][gc,phases   ] GC(9)   Other: 0.2ms
[2025-05-06T11:25:29.514-0400][gc,heap     ] GC(9) Eden regions: 45->0(48)
[2025-05-06T11:25:29.514-0400][gc,heap     ] GC(9) Survivor regions: 6->3(7)
[2025-05-06T11:25:29.514-0400][gc,heap     ] GC(9) Old regions: 23->25
[2025-05-06T11:25:29.514-0400][gc,heap     ] GC(9) Archive regions: 2->2
[2025-05-06T11:25:29.514-0400][gc,heap     ] GC(9) Humongous regions: 151->151
[2025-05-06T11:25:29.514-0400][gc,metaspace] GC(9) Metaspace: 48538K(49472K)->48538K(49472K) NonClass: 42834K(43328K)->42834K(43328K) Class: 5704K(6144K)->5704K(6144K)
[2025-05-06T11:25:29.514-0400][gc          ] GC(9) Pause Young (Normal) (G1 Evacuation Pause) 224M->178M(1024M) 14.110ms
[2025-05-06T11:25:29.514-0400][gc,cpu      ] GC(9) User=0.05s Sys=0.00s Real=0.01s
[2025-05-06T11:30:05.172-0400][gc,start    ] GC(10) Pause Young (Normal) (G1 Evacuation Pause)
[2025-05-06T11:30:05.172-0400][gc,task     ] GC(10) Using 4 workers of 4 for evacuation
[2025-05-06T11:30:05.187-0400][gc,phases   ] GC(10)   Pre Evacuate Collection Set: 0.3ms
[2025-05-06T11:30:05.187-0400][gc,phases   ] GC(10)   Merge Heap Roots: 0.2ms
[2025-05-06T11:30:05.187-0400][gc,phases   ] GC(10)   Evacuate Collection Set: 13.6ms
[2025-05-06T11:30:05.187-0400][gc,phases   ] GC(10)   Post Evacuate Collection Set: 1.0ms
[2025-05-06T11:30:05.188-0400][gc,phases   ] GC(10)   Other: 0.3ms
[2025-05-06T11:30:05.188-0400][gc,heap     ] GC(10) Eden regions: 48->0(47)
[2025-05-06T11:30:05.188-0400][gc,heap     ] GC(10) Survivor regions: 3->4(7)
[2025-05-06T11:30:05.188-0400][gc,heap     ] GC(10) Old regions: 25->25
[2025-05-06T11:30:05.188-0400][gc,heap     ] GC(10) Archive regions: 2->2
[2025-05-06T11:30:05.188-0400][gc,heap     ] GC(10) Humongous regions: 155->155
[2025-05-06T11:30:05.188-0400][gc,metaspace] GC(10) Metaspace: 48724K(49600K)->48724K(49600K) NonClass: 42993K(43456K)->42993K(43456K) Class: 5730K(6144K)->5730K(6144K)
[2025-05-06T11:30:05.188-0400][gc          ] GC(10) Pause Young (Normal) (G1 Evacuation Pause) 230M->184M(1024M) 15.563ms
[2025-05-06T11:30:05.188-0400][gc,cpu      ] GC(10) User=0.05s Sys=0.00s Real=0.01s
[2025-05-06T11:34:24.239-0400][gc,start    ] GC(11) Pause Young (Normal) (G1 Evacuation Pause)
[2025-05-06T11:34:24.239-0400][gc,task     ] GC(11) Using 4 workers of 4 for evacuation
[2025-05-06T11:34:24.262-0400][gc,mmu      ] GC(11) MMU target violated: 21.0ms (20.0ms/21.0ms)
[2025-05-06T11:34:24.262-0400][gc,phases   ] GC(11)   Pre Evacuate Collection Set: 0.4ms
[2025-05-06T11:34:24.262-0400][gc,phases   ] GC(11)   Merge Heap Roots: 0.2ms
[2025-05-06T11:34:24.262-0400][gc,phases   ] GC(11)   Evacuate Collection Set: 20.6ms
[2025-05-06T11:34:24.262-0400][gc,phases   ] GC(11)   Post Evacuate Collection Set: 1.1ms
[2025-05-06T11:34:24.262-0400][gc,phases   ] GC(11)   Other: 0.4ms
[2025-05-06T11:34:24.262-0400][gc,heap     ] GC(11) Eden regions: 47->0(45)
[2025-05-06T11:34:24.262-0400][gc,heap     ] GC(11) Survivor regions: 4->6(7)
[2025-05-06T11:34:24.262-0400][gc,heap     ] GC(11) Old regions: 25->25
[2025-05-06T11:34:24.262-0400][gc,heap     ] GC(11) Archive regions: 2->2
[2025-05-06T11:34:24.262-0400][gc,heap     ] GC(11) Humongous regions: 155->155
[2025-05-06T11:34:24.262-0400][gc,metaspace] GC(11) Metaspace: 48820K(49728K)->48820K(49728K) NonClass: 43089K(43584K)->43089K(43584K) Class: 5730K(6144K)->5730K(6144K)
[2025-05-06T11:34:24.262-0400][gc          ] GC(11) Pause Young (Normal) (G1 Evacuation Pause) 231M->186M(1024M) 22.815ms
[2025-05-06T11:34:24.262-0400][gc,cpu      ] GC(11) User=0.09s Sys=0.00s Real=0.02s
[2025-05-06T11:38:36.884-0400][gc,start    ] GC(12) Pause Young (Normal) (G1 Evacuation Pause)
[2025-05-06T11:38:36.884-0400][gc,task     ] GC(12) Using 4 workers of 4 for evacuation
[2025-05-06T11:38:36.912-0400][gc,mmu      ] GC(12) MMU target violated: 21.0ms (20.0ms/21.0ms)
[2025-05-06T11:38:36.912-0400][gc,phases   ] GC(12)   Pre Evacuate Collection Set: 0.4ms
[2025-05-06T11:38:36.913-0400][gc,phases   ] GC(12)   Merge Heap Roots: 0.2ms
[2025-05-06T11:38:36.913-0400][gc,phases   ] GC(12)   Evacuate Collection Set: 26.9ms
[2025-05-06T11:38:36.913-0400][gc,phases   ] GC(12)   Post Evacuate Collection Set: 0.7ms
[2025-05-06T11:38:36.913-0400][gc,phases   ] GC(12)   Other: 0.4ms
[2025-05-06T11:38:36.913-0400][gc,heap     ] GC(12) Eden regions: 45->0(46)
[2025-05-06T11:38:36.913-0400][gc,heap     ] GC(12) Survivor regions: 6->5(7)
[2025-05-06T11:38:36.913-0400][gc,heap     ] GC(12) Old regions: 25->28
[2025-05-06T11:38:36.913-0400][gc,heap     ] GC(12) Archive regions: 2->2
[2025-05-06T11:38:36.913-0400][gc,heap     ] GC(12) Humongous regions: 155->155
[2025-05-06T11:38:36.913-0400][gc,metaspace] GC(12) Metaspace: 48861K(49728K)->48861K(49728K) NonClass: 43130K(43584K)->43130K(43584K) Class: 5731K(6144K)->5731K(6144K)
[2025-05-06T11:38:36.913-0400][gc          ] GC(12) Pause Young (Normal) (G1 Evacuation Pause) 231M->187M(1024M) 28.633ms
[2025-05-06T11:38:36.913-0400][gc,cpu      ] GC(12) User=0.09s Sys=0.02s Real=0.03s
[2025-05-06T11:42:58.938-0400][gc,start    ] GC(13) Pause Young (Normal) (G1 Evacuation Pause)
[2025-05-06T11:42:58.938-0400][gc,task     ] GC(13) Using 4 workers of 4 for evacuation
[2025-05-06T11:42:58.949-0400][gc,phases   ] GC(13)   Pre Evacuate Collection Set: 0.2ms
[2025-05-06T11:42:58.949-0400][gc,phases   ] GC(13)   Merge Heap Roots: 0.1ms
[2025-05-06T11:42:58.949-0400][gc,phases   ] GC(13)   Evacuate Collection Set: 10.6ms
[2025-05-06T11:42:58.949-0400][gc,phases   ] GC(13)   Post Evacuate Collection Set: 0.4ms
[2025-05-06T11:42:58.949-0400][gc,phases   ] GC(13)   Other: 0.1ms
[2025-05-06T11:42:58.949-0400][gc,heap     ] GC(13) Eden regions: 46->0(45)
[2025-05-06T11:42:58.949-0400][gc,heap     ] GC(13) Survivor regions: 5->6(7)
[2025-05-06T11:42:58.949-0400][gc,heap     ] GC(13) Old regions: 28->29
[2025-05-06T11:42:58.949-0400][gc,heap     ] GC(13) Archive regions: 2->2
[2025-05-06T11:42:58.949-0400][gc,heap     ] GC(13) Humongous regions: 155->155
[2025-05-06T11:42:58.949-0400][gc,metaspace] GC(13) Metaspace: 48878K(49792K)->48878K(49792K) NonClass: 43147K(43648K)->43147K(43648K) Class: 5731K(6144K)->5731K(6144K)
[2025-05-06T11:42:58.949-0400][gc          ] GC(13) Pause Young (Normal) (G1 Evacuation Pause) 233M->189M(1024M) 11.455ms
[2025-05-06T11:42:58.950-0400][gc,cpu      ] GC(13) User=0.03s Sys=0.00s Real=0.01s
[2025-05-06T11:47:18.040-0400][gc,start    ] GC(14) Pause Young (Normal) (G1 Evacuation Pause)
[2025-05-06T11:47:18.040-0400][gc,task     ] GC(14) Using 4 workers of 4 for evacuation
[2025-05-06T11:47:18.062-0400][gc,mmu      ] GC(14) MMU target violated: 21.0ms (20.0ms/21.0ms)
[2025-05-06T11:47:18.062-0400][gc,phases   ] GC(14)   Pre Evacuate Collection Set: 0.3ms
[2025-05-06T11:47:18.062-0400][gc,phases   ] GC(14)   Merge Heap Roots: 0.2ms
[2025-05-06T11:47:18.062-0400][gc,phases   ] GC(14)   Evacuate Collection Set: 19.9ms
[2025-05-06T11:47:18.062-0400][gc,phases   ] GC(14)   Post Evacuate Collection Set: 0.8ms
[2025-05-06T11:47:18.062-0400][gc,phases   ] GC(14)   Other: 0.3ms
[2025-05-06T11:47:18.062-0400][gc,heap     ] GC(14) Eden regions: 45->0(45)
[2025-05-06T11:47:18.062-0400][gc,heap     ] GC(14) Survivor regions: 6->6(7)
[2025-05-06T11:47:18.062-0400][gc,heap     ] GC(14) Old regions: 29->31
[2025-05-06T11:47:18.062-0400][gc,heap     ] GC(14) Archive regions: 2->2
[2025-05-06T11:47:18.062-0400][gc,heap     ] GC(14) Humongous regions: 155->155
[2025-05-06T11:47:18.062-0400][gc,metaspace] GC(14) Metaspace: 48899K(49792K)->48899K(49792K) NonClass: 43168K(43648K)->43168K(43648K) Class: 5731K(6144K)->5731K(6144K)
[2025-05-06T11:47:18.062-0400][gc          ] GC(14) Pause Young (Normal) (G1 Evacuation Pause) 234M->191M(1024M) 21.689ms
[2025-05-06T11:47:18.062-0400][gc,cpu      ] GC(14) User=0.08s Sys=0.00s Real=0.02s
[2025-05-06T11:51:32.136-0400][gc,start    ] GC(15) Pause Young (Normal) (G1 Evacuation Pause)
[2025-05-06T11:51:32.136-0400][gc,task     ] GC(15) Using 4 workers of 4 for evacuation
[2025-05-06T11:51:32.152-0400][gc,phases   ] GC(15)   Pre Evacuate Collection Set: 0.2ms
[2025-05-06T11:51:32.152-0400][gc,phases   ] GC(15)   Merge Heap Roots: 0.1ms
[2025-05-06T11:51:32.152-0400][gc,phases   ] GC(15)   Evacuate Collection Set: 15.1ms
[2025-05-06T11:51:32.152-0400][gc,phases   ] GC(15)   Post Evacuate Collection Set: 0.6ms
[2025-05-06T11:51:32.152-0400][gc,phases   ] GC(15)   Other: 0.2ms
[2025-05-06T11:51:32.152-0400][gc,heap     ] GC(15) Eden regions: 45->0(46)
[2025-05-06T11:51:32.152-0400][gc,heap     ] GC(15) Survivor regions: 6->5(7)
[2025-05-06T11:51:32.152-0400][gc,heap     ] GC(15) Old regions: 31->33
[2025-05-06T11:51:32.152-0400][gc,heap     ] GC(15) Archive regions: 2->2
[2025-05-06T11:51:32.152-0400][gc,heap     ] GC(15) Humongous regions: 155->155
[2025-05-06T11:51:32.152-0400][gc,metaspace] GC(15) Metaspace: 48954K(49792K)->48954K(49792K) NonClass: 43211K(43648K)->43211K(43648K) Class: 5742K(6144K)->5742K(6144K)
[2025-05-06T11:51:32.152-0400][gc          ] GC(15) Pause Young (Normal) (G1 Evacuation Pause) 236M->193M(1024M) 16.348ms
[2025-05-06T11:51:32.152-0400][gc,cpu      ] GC(15) User=0.03s Sys=0.00s Real=0.02s
[2025-05-06T11:55:30.275-0400][gc,start    ] GC(16) Pause Young (Normal) (G1 Evacuation Pause)
[2025-05-06T11:55:30.275-0400][gc,task     ] GC(16) Using 4 workers of 4 for evacuation
[2025-05-06T11:55:30.296-0400][gc,mmu      ] GC(16) MMU target violated: 20.4ms (20.0ms/21.0ms)
[2025-05-06T11:55:30.296-0400][gc,phases   ] GC(16)   Pre Evacuate Collection Set: 0.3ms
[2025-05-06T11:55:30.296-0400][gc,phases   ] GC(16)   Merge Heap Roots: 0.2ms
[2025-05-06T11:55:30.296-0400][gc,phases   ] GC(16)   Evacuate Collection Set: 19.1ms
[2025-05-06T11:55:30.296-0400][gc,phases   ] GC(16)   Post Evacuate Collection Set: 0.8ms
[2025-05-06T11:55:30.296-0400][gc,phases   ] GC(16)   Other: 0.4ms
[2025-05-06T11:55:30.296-0400][gc,heap     ] GC(16) Eden regions: 46->0(46)
[2025-05-06T11:55:30.296-0400][gc,heap     ] GC(16) Survivor regions: 5->5(7)
[2025-05-06T11:55:30.296-0400][gc,heap     ] GC(16) Old regions: 33->35
[2025-05-06T11:55:30.296-0400][gc,heap     ] GC(16) Archive regions: 2->2
[2025-05-06T11:55:30.296-0400][gc,heap     ] GC(16) Humongous regions: 155->155
[2025-05-06T11:55:30.296-0400][gc,metaspace] GC(16) Metaspace: 49428K(50368K)->49428K(50368K) NonClass: 43591K(44096K)->43591K(44096K) Class: 5837K(6272K)->5837K(6272K)
[2025-05-06T11:55:30.296-0400][gc          ] GC(16) Pause Young (Normal) (G1 Evacuation Pause) 239M->195M(1024M) 20.925ms
[2025-05-06T11:55:30.296-0400][gc,cpu      ] GC(16) User=0.08s Sys=0.00s Real=0.02s
[2025-05-06T11:56:10.820-0400][gc,heap,exit] Heap
[2025-05-06T11:56:10.820-0400][gc,heap,exit]  garbage-first heap   total 1048576K, used 223425K [0x00000000c0000000, 0x0000000100000000)
[2025-05-06T11:56:10.820-0400][gc,heap,exit]   region size 1024K, 28 young (28672K), 5 survivors (5120K)
[2025-05-06T11:56:10.820-0400][gc,heap,exit]  Metaspace       used 50545K, committed 51520K, reserved 1114112K
[2025-05-06T11:56:10.820-0400][gc,heap,exit]   class space    used 6068K, committed 6528K, reserved 1048576K
