[2025-05-06T11:13:45.347-0400][gc] Using G1
[2025-05-06T11:13:45.360-0400][gc,init] Version: 17.0.15+6-Debian-1deb12u1 (release)
[2025-05-06T11:13:45.360-0400][gc,init] CPUs: 4 total, 4 available
[2025-05-06T11:13:45.360-0400][gc,init] Memory: 7836M
[2025-05-06T11:13:45.360-0400][gc,init] Large Page Support: Disabled
[2025-05-06T11:13:45.360-0400][gc,init] NUMA Support: Disabled
[2025-05-06T11:13:45.360-0400][gc,init] Compressed Oops: Enabled (32-bit)
[2025-05-06T11:13:45.360-0400][gc,init] Heap Region Size: 1M
[2025-05-06T11:13:45.360-0400][gc,init] Heap Min Capacity: 1G
[2025-05-06T11:13:45.360-0400][gc,init] Heap Initial Capacity: 1G
[2025-05-06T11:13:45.360-0400][gc,init] Heap Max Capacity: 1G
[2025-05-06T11:13:45.360-0400][gc,init] Pre-touch: Disabled
[2025-05-06T11:13:45.360-0400][gc,init] Parallel Workers: 4
[2025-05-06T11:13:45.360-0400][gc,init] Concurrent Workers: 1
[2025-05-06T11:13:45.360-0400][gc,init] Concurrent Refinement Workers: 4
[2025-05-06T11:13:45.360-0400][gc,init] Periodic GC: Disabled
[2025-05-06T11:13:45.368-0400][gc,metaspace] CDS archive(s) mapped at: [0x00007f3247000000-0x00007f3247bc7000-0x00007f3247bc7000), size 12349440, SharedBaseAddress: 0x00007f3247000000, ArchiveRelocationMode: 1.
[2025-05-06T11:13:45.368-0400][gc,metaspace] Compressed class space mapped at: 0x00007f3248000000-0x00007f3288000000, reserved size: 1073741824
[2025-05-06T11:13:45.368-0400][gc,metaspace] Narrow klass base: 0x00007f3247000000, Narrow klass shift: 0, Narrow klass range: 0x100000000
[2025-05-06T11:13:46.642-0400][gc,start    ] GC(0) Pause Young (Normal) (G1 Evacuation Pause)
[2025-05-06T11:13:46.642-0400][gc,task     ] GC(0) Using 4 workers of 4 for evacuation
[2025-05-06T11:13:46.651-0400][gc,phases   ] GC(0)   Pre Evacuate Collection Set: 0.1ms
[2025-05-06T11:13:46.651-0400][gc,phases   ] GC(0)   Merge Heap Roots: 0.1ms
[2025-05-06T11:13:46.651-0400][gc,phases   ] GC(0)   Evacuate Collection Set: 8.3ms
[2025-05-06T11:13:46.651-0400][gc,phases   ] GC(0)   Post Evacuate Collection Set: 0.5ms
[2025-05-06T11:13:46.651-0400][gc,phases   ] GC(0)   Other: 0.5ms
[2025-05-06T11:13:46.651-0400][gc,heap     ] GC(0) Eden regions: 51->0(44)
[2025-05-06T11:13:46.651-0400][gc,heap     ] GC(0) Survivor regions: 0->7(7)
[2025-05-06T11:13:46.651-0400][gc,heap     ] GC(0) Old regions: 0->1
[2025-05-06T11:13:46.651-0400][gc,heap     ] GC(0) Archive regions: 2->2
[2025-05-06T11:13:46.651-0400][gc,heap     ] GC(0) Humongous regions: 0->0
[2025-05-06T11:13:46.651-0400][gc,metaspace] GC(0) Metaspace: 17084K(17280K)->17084K(17280K) NonClass: 15016K(15104K)->15016K(15104K) Class: 2067K(2176K)->2067K(2176K)
[2025-05-06T11:13:46.651-0400][gc          ] GC(0) Pause Young (Normal) (G1 Evacuation Pause) 51M->8M(1024M) 9.637ms
[2025-05-06T11:13:46.651-0400][gc,cpu      ] GC(0) User=0.03s Sys=0.01s Real=0.01s
[2025-05-06T11:13:46.902-0400][gc,heap,exit] Heap
[2025-05-06T11:13:46.902-0400][gc,heap,exit]  garbage-first heap   total 1048576K, used 20350K [0x00000000c0000000, 0x0000000100000000)
[2025-05-06T11:13:46.902-0400][gc,heap,exit]   region size 1024K, 19 young (19456K), 7 survivors (7168K)
[2025-05-06T11:13:46.902-0400][gc,heap,exit]  Metaspace       used 20438K, committed 20672K, reserved 1114112K
[2025-05-06T11:13:46.902-0400][gc,heap,exit]   class space    used 2541K, committed 2624K, reserved 1048576K
