[2025-05-06T12:23:06.470-0400][gc] Using G1
[2025-05-06T12:23:06.482-0400][gc,init] Version: 17.0.15+6-Debian-1deb12u1 (release)
[2025-05-06T12:23:06.482-0400][gc,init] CPUs: 4 total, 4 available
[2025-05-06T12:23:06.482-0400][gc,init] Memory: 7836M
[2025-05-06T12:23:06.482-0400][gc,init] Large Page Support: Disabled
[2025-05-06T12:23:06.482-0400][gc,init] NUMA Support: Disabled
[2025-05-06T12:23:06.482-0400][gc,init] Compressed Oops: Enabled (32-bit)
[2025-05-06T12:23:06.482-0400][gc,init] Heap Region Size: 1M
[2025-05-06T12:23:06.482-0400][gc,init] Heap Min Capacity: 1G
[2025-05-06T12:23:06.482-0400][gc,init] Heap Initial Capacity: 1G
[2025-05-06T12:23:06.482-0400][gc,init] Heap Max Capacity: 1G
[2025-05-06T12:23:06.482-0400][gc,init] Pre-touch: Disabled
[2025-05-06T12:23:06.482-0400][gc,init] Parallel Workers: 4
[2025-05-06T12:23:06.482-0400][gc,init] Concurrent Workers: 1
[2025-05-06T12:23:06.482-0400][gc,init] Concurrent Refinement Workers: 4
[2025-05-06T12:23:06.482-0400][gc,init] Periodic GC: Disabled
[2025-05-06T12:23:06.489-0400][gc,metaspace] CDS archive(s) mapped at: [0x00007f539f000000-0x00007f539fbc7000-0x00007f539fbc7000), size 12349440, SharedBaseAddress: 0x00007f539f000000, ArchiveRelocationMode: 1.
[2025-05-06T12:23:06.489-0400][gc,metaspace] Compressed class space mapped at: 0x00007f53a0000000-0x00007f53e0000000, reserved size: 1073741824
[2025-05-06T12:23:06.489-0400][gc,metaspace] Narrow klass base: 0x00007f539f000000, Narrow klass shift: 0, Narrow klass range: 0x100000000
[2025-05-06T12:23:07.160-0400][gc,heap,exit] Heap
[2025-05-06T12:23:07.160-0400][gc,heap,exit]  garbage-first heap   total 1048576K, used 26036K [0x00000000c0000000, 0x0000000100000000)
[2025-05-06T12:23:07.160-0400][gc,heap,exit]   region size 1024K, 25 young (25600K), 0 survivors (0K)
[2025-05-06T12:23:07.160-0400][gc,heap,exit]  Metaspace       used 8214K, committed 8384K, reserved 1114112K
[2025-05-06T12:23:07.160-0400][gc,heap,exit]   class space    used 939K, committed 1024K, reserved 1048576K
