[2025-05-06T12:23:47.542-0400][gc] Using G1
[2025-05-06T12:23:47.554-0400][gc,init] Version: 17.0.15+6-Debian-1deb12u1 (release)
[2025-05-06T12:23:47.554-0400][gc,init] CPUs: 4 total, 4 available
[2025-05-06T12:23:47.554-0400][gc,init] Memory: 7836M
[2025-05-06T12:23:47.554-0400][gc,init] Large Page Support: Disabled
[2025-05-06T12:23:47.554-0400][gc,init] NUMA Support: Disabled
[2025-05-06T12:23:47.554-0400][gc,init] Compressed Oops: Enabled (32-bit)
[2025-05-06T12:23:47.554-0400][gc,init] Heap Region Size: 1M
[2025-05-06T12:23:47.554-0400][gc,init] Heap Min Capacity: 1G
[2025-05-06T12:23:47.554-0400][gc,init] Heap Initial Capacity: 1G
[2025-05-06T12:23:47.554-0400][gc,init] Heap Max Capacity: 1G
[2025-05-06T12:23:47.554-0400][gc,init] Pre-touch: Disabled
[2025-05-06T12:23:47.554-0400][gc,init] Parallel Workers: 4
[2025-05-06T12:23:47.554-0400][gc,init] Concurrent Workers: 1
[2025-05-06T12:23:47.554-0400][gc,init] Concurrent Refinement Workers: 4
[2025-05-06T12:23:47.554-0400][gc,init] Periodic GC: Disabled
[2025-05-06T12:23:47.561-0400][gc,metaspace] CDS archive(s) mapped at: [0x00007fd2f3000000-0x00007fd2f3bc7000-0x00007fd2f3bc7000), size 12349440, SharedBaseAddress: 0x00007fd2f3000000, ArchiveRelocationMode: 1.
[2025-05-06T12:23:47.561-0400][gc,metaspace] Compressed class space mapped at: 0x00007fd2f4000000-0x00007fd334000000, reserved size: 1073741824
[2025-05-06T12:23:47.561-0400][gc,metaspace] Narrow klass base: 0x00007fd2f3000000, Narrow klass shift: 0, Narrow klass range: 0x100000000
[2025-05-06T12:23:48.788-0400][gc,start    ] GC(0) Pause Young (Normal) (G1 Evacuation Pause)
[2025-05-06T12:23:48.789-0400][gc,task     ] GC(0) Using 4 workers of 4 for evacuation
[2025-05-06T12:23:48.798-0400][gc,phases   ] GC(0)   Pre Evacuate Collection Set: 0.1ms
[2025-05-06T12:23:48.798-0400][gc,phases   ] GC(0)   Merge Heap Roots: 0.1ms
[2025-05-06T12:23:48.798-0400][gc,phases   ] GC(0)   Evacuate Collection Set: 8.5ms
[2025-05-06T12:23:48.798-0400][gc,phases   ] GC(0)   Post Evacuate Collection Set: 0.5ms
[2025-05-06T12:23:48.798-0400][gc,phases   ] GC(0)   Other: 0.5ms
[2025-05-06T12:23:48.798-0400][gc,heap     ] GC(0) Eden regions: 51->0(44)
[2025-05-06T12:23:48.798-0400][gc,heap     ] GC(0) Survivor regions: 0->7(7)
[2025-05-06T12:23:48.798-0400][gc,heap     ] GC(0) Old regions: 0->1
[2025-05-06T12:23:48.798-0400][gc,heap     ] GC(0) Archive regions: 2->2
[2025-05-06T12:23:48.798-0400][gc,heap     ] GC(0) Humongous regions: 0->0
[2025-05-06T12:23:48.798-0400][gc,metaspace] GC(0) Metaspace: 16936K(17152K)->16936K(17152K) NonClass: 14876K(14976K)->14876K(14976K) Class: 2060K(2176K)->2060K(2176K)
[2025-05-06T12:23:48.798-0400][gc          ] GC(0) Pause Young (Normal) (G1 Evacuation Pause) 51M->8M(1024M) 9.790ms
[2025-05-06T12:23:48.798-0400][gc,cpu      ] GC(0) User=0.04s Sys=0.00s Real=0.02s
[2025-05-06T12:23:49.099-0400][gc,start    ] GC(1) Pause Young (Concurrent Start) (Metadata GC Threshold)
[2025-05-06T12:23:49.099-0400][gc,task     ] GC(1) Using 4 workers of 4 for evacuation
[2025-05-06T12:23:49.110-0400][gc,phases   ] GC(1)   Pre Evacuate Collection Set: 0.1ms
[2025-05-06T12:23:49.110-0400][gc,phases   ] GC(1)   Merge Heap Roots: 0.0ms
[2025-05-06T12:23:49.110-0400][gc,phases   ] GC(1)   Evacuate Collection Set: 9.5ms
[2025-05-06T12:23:49.110-0400][gc,phases   ] GC(1)   Post Evacuate Collection Set: 0.8ms
[2025-05-06T12:23:49.110-0400][gc,phases   ] GC(1)   Other: 0.2ms
[2025-05-06T12:23:49.110-0400][gc,heap     ] GC(1) Eden regions: 14->0(49)
[2025-05-06T12:23:49.110-0400][gc,heap     ] GC(1) Survivor regions: 7->2(7)
[2025-05-06T12:23:49.110-0400][gc,heap     ] GC(1) Old regions: 1->9
[2025-05-06T12:23:49.110-0400][gc,heap     ] GC(1) Archive regions: 2->2
[2025-05-06T12:23:49.110-0400][gc,heap     ] GC(1) Humongous regions: 0->0
[2025-05-06T12:23:49.110-0400][gc,metaspace] GC(1) Metaspace: 21260K(21504K)->21260K(21504K) NonClass: 18626K(18752K)->18626K(18752K) Class: 2634K(2752K)->2634K(2752K)
[2025-05-06T12:23:49.110-0400][gc          ] GC(1) Pause Young (Concurrent Start) (Metadata GC Threshold) 22M->10M(1024M) 10.926ms
[2025-05-06T12:23:49.110-0400][gc,cpu      ] GC(1) User=0.04s Sys=0.01s Real=0.01s
[2025-05-06T12:23:49.110-0400][gc          ] GC(2) Concurrent Mark Cycle
[2025-05-06T12:23:49.110-0400][gc,marking  ] GC(2) Concurrent Clear Claimed Marks
[2025-05-06T12:23:49.110-0400][gc,marking  ] GC(2) Concurrent Clear Claimed Marks 0.023ms
[2025-05-06T12:23:49.110-0400][gc,marking  ] GC(2) Concurrent Scan Root Regions
[2025-05-06T12:23:49.116-0400][gc,marking  ] GC(2) Concurrent Scan Root Regions 5.420ms
[2025-05-06T12:23:49.116-0400][gc,marking  ] GC(2) Concurrent Mark
[2025-05-06T12:23:49.116-0400][gc,marking  ] GC(2) Concurrent Mark From Roots
[2025-05-06T12:23:49.116-0400][gc,task     ] GC(2) Using 1 workers of 1 for marking
[2025-05-06T12:23:49.120-0400][gc,marking  ] GC(2) Concurrent Mark From Roots 4.786ms
[2025-05-06T12:23:49.120-0400][gc,marking  ] GC(2) Concurrent Preclean
[2025-05-06T12:23:49.120-0400][gc,marking  ] GC(2) Concurrent Preclean 0.062ms
[2025-05-06T12:23:49.121-0400][gc,start    ] GC(2) Pause Remark
[2025-05-06T12:23:49.124-0400][gc          ] GC(2) Pause Remark 10M->10M(1024M) 3.531ms
[2025-05-06T12:23:49.124-0400][gc,cpu      ] GC(2) User=0.01s Sys=0.00s Real=0.00s
[2025-05-06T12:23:49.124-0400][gc,marking  ] GC(2) Concurrent Mark 8.637ms
[2025-05-06T12:23:49.124-0400][gc,marking  ] GC(2) Concurrent Rebuild Remembered Sets
[2025-05-06T12:23:49.131-0400][gc,marking  ] GC(2) Concurrent Rebuild Remembered Sets 6.517ms
[2025-05-06T12:23:49.131-0400][gc,start    ] GC(2) Pause Cleanup
[2025-05-06T12:23:49.131-0400][gc          ] GC(2) Pause Cleanup 10M->10M(1024M) 0.179ms
[2025-05-06T12:23:49.131-0400][gc,cpu      ] GC(2) User=0.00s Sys=0.00s Real=0.00s
[2025-05-06T12:23:49.131-0400][gc,marking  ] GC(2) Concurrent Cleanup for Next Mark
[2025-05-06T12:23:49.139-0400][gc,marking  ] GC(2) Concurrent Cleanup for Next Mark 7.824ms
[2025-05-06T12:23:49.139-0400][gc          ] GC(2) Concurrent Mark Cycle 29.064ms
[2025-05-06T12:23:50.090-0400][gc,start    ] GC(3) Pause Young (Normal) (G1 Evacuation Pause)
[2025-05-06T12:23:50.090-0400][gc,task     ] GC(3) Using 4 workers of 4 for evacuation
[2025-05-06T12:23:50.099-0400][gc,phases   ] GC(3)   Pre Evacuate Collection Set: 0.2ms
[2025-05-06T12:23:50.099-0400][gc,phases   ] GC(3)   Merge Heap Roots: 0.1ms
[2025-05-06T12:23:50.099-0400][gc,phases   ] GC(3)   Evacuate Collection Set: 8.2ms
[2025-05-06T12:23:50.099-0400][gc,phases   ] GC(3)   Post Evacuate Collection Set: 0.5ms
[2025-05-06T12:23:50.099-0400][gc,phases   ] GC(3)   Other: 0.1ms
[2025-05-06T12:23:50.099-0400][gc,heap     ] GC(3) Eden regions: 49->0(45)
[2025-05-06T12:23:50.099-0400][gc,heap     ] GC(3) Survivor regions: 2->6(7)
[2025-05-06T12:23:50.099-0400][gc,heap     ] GC(3) Old regions: 9->9
[2025-05-06T12:23:50.099-0400][gc,heap     ] GC(3) Archive regions: 2->2
[2025-05-06T12:23:50.099-0400][gc,heap     ] GC(3) Humongous regions: 9->9
[2025-05-06T12:23:50.099-0400][gc,metaspace] GC(3) Metaspace: 33491K(33856K)->33491K(33856K) NonClass: 29537K(29696K)->29537K(29696K) Class: 3953K(4160K)->3953K(4160K)
[2025-05-06T12:23:50.099-0400][gc          ] GC(3) Pause Young (Normal) (G1 Evacuation Pause) 68M->23M(1024M) 9.200ms
[2025-05-06T12:23:50.099-0400][gc,cpu      ] GC(3) User=0.03s Sys=0.00s Real=0.01s
[2025-05-06T12:23:50.292-0400][gc,start    ] GC(4) Pause Young (Concurrent Start) (Metadata GC Threshold)
[2025-05-06T12:23:50.292-0400][gc,task     ] GC(4) Using 4 workers of 4 for evacuation
[2025-05-06T12:23:50.305-0400][gc,phases   ] GC(4)   Pre Evacuate Collection Set: 0.2ms
[2025-05-06T12:23:50.305-0400][gc,phases   ] GC(4)   Merge Heap Roots: 0.1ms
[2025-05-06T12:23:50.305-0400][gc,phases   ] GC(4)   Evacuate Collection Set: 11.2ms
[2025-05-06T12:23:50.305-0400][gc,phases   ] GC(4)   Post Evacuate Collection Set: 0.6ms
[2025-05-06T12:23:50.305-0400][gc,phases   ] GC(4)   Other: 0.3ms
[2025-05-06T12:23:50.305-0400][gc,heap     ] GC(4) Eden regions: 13->0(50)
[2025-05-06T12:23:50.305-0400][gc,heap     ] GC(4) Survivor regions: 6->1(7)
[2025-05-06T12:23:50.305-0400][gc,heap     ] GC(4) Old regions: 9->14
[2025-05-06T12:23:50.305-0400][gc,heap     ] GC(4) Archive regions: 2->2
[2025-05-06T12:23:50.305-0400][gc,heap     ] GC(4) Humongous regions: 9->9
[2025-05-06T12:23:50.305-0400][gc,metaspace] GC(4) Metaspace: 35716K(36096K)->35716K(36096K) NonClass: 31484K(31680K)->31484K(31680K) Class: 4231K(4416K)->4231K(4416K)
[2025-05-06T12:23:50.305-0400][gc          ] GC(4) Pause Young (Concurrent Start) (Metadata GC Threshold) 36M->24M(1024M) 12.474ms
[2025-05-06T12:23:50.305-0400][gc,cpu      ] GC(4) User=0.05s Sys=0.00s Real=0.01s
[2025-05-06T12:23:50.305-0400][gc          ] GC(5) Concurrent Mark Cycle
[2025-05-06T12:23:50.305-0400][gc,marking  ] GC(5) Concurrent Clear Claimed Marks
[2025-05-06T12:23:50.305-0400][gc,marking  ] GC(5) Concurrent Clear Claimed Marks 0.039ms
[2025-05-06T12:23:50.305-0400][gc,marking  ] GC(5) Concurrent Scan Root Regions
[2025-05-06T12:23:50.324-0400][gc,marking  ] GC(5) Concurrent Scan Root Regions 19.312ms
[2025-05-06T12:23:50.324-0400][gc,marking  ] GC(5) Concurrent Mark
[2025-05-06T12:23:50.324-0400][gc,marking  ] GC(5) Concurrent Mark From Roots
[2025-05-06T12:23:50.324-0400][gc,task     ] GC(5) Using 1 workers of 1 for marking
[2025-05-06T12:23:50.350-0400][gc,marking  ] GC(5) Concurrent Mark From Roots 25.595ms
[2025-05-06T12:23:50.350-0400][gc,marking  ] GC(5) Concurrent Preclean
[2025-05-06T12:23:50.350-0400][gc,marking  ] GC(5) Concurrent Preclean 0.157ms
[2025-05-06T12:23:50.350-0400][gc,start    ] GC(5) Pause Remark
[2025-05-06T12:23:50.353-0400][gc          ] GC(5) Pause Remark 27M->27M(1024M) 2.235ms
[2025-05-06T12:23:50.353-0400][gc,cpu      ] GC(5) User=0.00s Sys=0.00s Real=0.00s
[2025-05-06T12:23:50.356-0400][gc,marking  ] GC(5) Concurrent Mark 31.927ms
[2025-05-06T12:23:50.356-0400][gc,marking  ] GC(5) Concurrent Rebuild Remembered Sets
[2025-05-06T12:23:50.393-0400][gc,marking  ] GC(5) Concurrent Rebuild Remembered Sets 37.112ms
[2025-05-06T12:23:50.393-0400][gc,start    ] GC(5) Pause Cleanup
[2025-05-06T12:23:50.394-0400][gc          ] GC(5) Pause Cleanup 30M->30M(1024M) 0.134ms
[2025-05-06T12:23:50.394-0400][gc,cpu      ] GC(5) User=0.00s Sys=0.00s Real=0.00s
[2025-05-06T12:23:50.394-0400][gc,marking  ] GC(5) Concurrent Cleanup for Next Mark
[2025-05-06T12:23:50.404-0400][gc,marking  ] GC(5) Concurrent Cleanup for Next Mark 10.746ms
[2025-05-06T12:23:50.404-0400][gc          ] GC(5) Concurrent Mark Cycle 99.674ms
[2025-05-06T12:24:20.781-0400][gc,start    ] GC(6) Pause Young (Concurrent Start) (G1 Evacuation Pause)
[2025-05-06T12:24:20.781-0400][gc,task     ] GC(6) Using 4 workers of 4 for evacuation
[2025-05-06T12:24:20.808-0400][gc,mmu      ] GC(6) MMU target violated: 21.0ms (20.0ms/21.0ms)
[2025-05-06T12:24:20.808-0400][gc,phases   ] GC(6)   Pre Evacuate Collection Set: 0.5ms
[2025-05-06T12:24:20.808-0400][gc,phases   ] GC(6)   Merge Heap Roots: 0.2ms
[2025-05-06T12:24:20.808-0400][gc,phases   ] GC(6)   Evacuate Collection Set: 24.5ms
[2025-05-06T12:24:20.808-0400][gc,phases   ] GC(6)   Post Evacuate Collection Set: 1.2ms
[2025-05-06T12:24:20.808-0400][gc,phases   ] GC(6)   Other: 0.5ms
[2025-05-06T12:24:20.808-0400][gc,heap     ] GC(6) Eden regions: 50->0(44)
[2025-05-06T12:24:20.808-0400][gc,heap     ] GC(6) Survivor regions: 1->7(7)
[2025-05-06T12:24:20.808-0400][gc,heap     ] GC(6) Old regions: 14->15
[2025-05-06T12:24:20.808-0400][gc,heap     ] GC(6) Archive regions: 2->2
[2025-05-06T12:24:20.808-0400][gc,heap     ] GC(6) Humongous regions: 138->138
[2025-05-06T12:24:20.808-0400][gc,metaspace] GC(6) Metaspace: 43498K(44288K)->43498K(44288K) NonClass: 38265K(38656K)->38265K(38656K) Class: 5233K(5632K)->5233K(5632K)
[2025-05-06T12:24:20.808-0400][gc          ] GC(6) Pause Young (Concurrent Start) (G1 Evacuation Pause) 203M->160M(1024M) 27.026ms
[2025-05-06T12:24:20.808-0400][gc,cpu      ] GC(6) User=0.09s Sys=0.00s Real=0.02s
[2025-05-06T12:24:20.808-0400][gc          ] GC(7) Concurrent Mark Cycle
[2025-05-06T12:24:20.809-0400][gc,marking  ] GC(7) Concurrent Clear Claimed Marks
[2025-05-06T12:24:20.809-0400][gc,marking  ] GC(7) Concurrent Clear Claimed Marks 0.139ms
[2025-05-06T12:24:20.809-0400][gc,marking  ] GC(7) Concurrent Scan Root Regions
[2025-05-06T12:24:20.823-0400][gc,marking  ] GC(7) Concurrent Scan Root Regions 13.835ms
[2025-05-06T12:24:20.823-0400][gc,marking  ] GC(7) Concurrent Mark
[2025-05-06T12:24:20.823-0400][gc,marking  ] GC(7) Concurrent Mark From Roots
[2025-05-06T12:24:20.823-0400][gc,task     ] GC(7) Using 1 workers of 1 for marking
[2025-05-06T12:24:20.847-0400][gc,marking  ] GC(7) Concurrent Mark From Roots 24.454ms
[2025-05-06T12:24:20.847-0400][gc,marking  ] GC(7) Concurrent Preclean
[2025-05-06T12:24:20.847-0400][gc,marking  ] GC(7) Concurrent Preclean 0.238ms
[2025-05-06T12:24:20.847-0400][gc,start    ] GC(7) Pause Remark
[2025-05-06T12:24:20.850-0400][gc          ] GC(7) Pause Remark 162M->162M(1024M) 2.795ms
[2025-05-06T12:24:20.850-0400][gc,cpu      ] GC(7) User=0.02s Sys=0.00s Real=0.01s
[2025-05-06T12:24:20.850-0400][gc,marking  ] GC(7) Concurrent Mark 27.734ms
[2025-05-06T12:24:20.850-0400][gc,marking  ] GC(7) Concurrent Rebuild Remembered Sets
[2025-05-06T12:24:20.864-0400][gc,marking  ] GC(7) Concurrent Rebuild Remembered Sets 13.183ms
[2025-05-06T12:24:20.864-0400][gc,start    ] GC(7) Pause Cleanup
[2025-05-06T12:24:20.864-0400][gc          ] GC(7) Pause Cleanup 162M->162M(1024M) 0.228ms
[2025-05-06T12:24:20.864-0400][gc,cpu      ] GC(7) User=0.01s Sys=0.00s Real=0.00s
[2025-05-06T12:24:20.864-0400][gc,marking  ] GC(7) Concurrent Cleanup for Next Mark
[2025-05-06T12:24:20.865-0400][gc,marking  ] GC(7) Concurrent Cleanup for Next Mark 1.268ms
[2025-05-06T12:24:20.865-0400][gc          ] GC(7) Concurrent Mark Cycle 56.790ms
[2025-05-06T12:27:06.228-0400][gc,start    ] GC(8) Pause Young (Normal) (G1 Evacuation Pause)
[2025-05-06T12:27:06.228-0400][gc,task     ] GC(8) Using 4 workers of 4 for evacuation
[2025-05-06T12:27:06.243-0400][gc,phases   ] GC(8)   Pre Evacuate Collection Set: 0.1ms
[2025-05-06T12:27:06.243-0400][gc,phases   ] GC(8)   Merge Heap Roots: 0.1ms
[2025-05-06T12:27:06.243-0400][gc,phases   ] GC(8)   Evacuate Collection Set: 13.9ms
[2025-05-06T12:27:06.243-0400][gc,phases   ] GC(8)   Post Evacuate Collection Set: 1.0ms
[2025-05-06T12:27:06.243-0400][gc,phases   ] GC(8)   Other: 0.1ms
[2025-05-06T12:27:06.243-0400][gc,heap     ] GC(8) Eden regions: 44->0(48)
[2025-05-06T12:27:06.243-0400][gc,heap     ] GC(8) Survivor regions: 7->3(7)
[2025-05-06T12:27:06.243-0400][gc,heap     ] GC(8) Old regions: 15->23
[2025-05-06T12:27:06.243-0400][gc,heap     ] GC(8) Archive regions: 2->2
[2025-05-06T12:27:06.243-0400][gc,heap     ] GC(8) Humongous regions: 142->142
[2025-05-06T12:27:06.243-0400][gc,metaspace] GC(8) Metaspace: 47178K(48064K)->47178K(48064K) NonClass: 41561K(42048K)->41561K(42048K) Class: 5617K(6016K)->5617K(6016K)
[2025-05-06T12:27:06.243-0400][gc          ] GC(8) Pause Young (Normal) (G1 Evacuation Pause) 208M->168M(1024M) 15.407ms
[2025-05-06T12:27:06.243-0400][gc,cpu      ] GC(8) User=0.04s Sys=0.00s Real=0.02s
[2025-05-06T12:31:10.507-0400][gc,start    ] GC(9) Pause Young (Normal) (G1 Evacuation Pause)
[2025-05-06T12:31:10.507-0400][gc,task     ] GC(9) Using 4 workers of 4 for evacuation
[2025-05-06T12:31:10.515-0400][gc,phases   ] GC(9)   Pre Evacuate Collection Set: 0.2ms
[2025-05-06T12:31:10.515-0400][gc,phases   ] GC(9)   Merge Heap Roots: 0.1ms
[2025-05-06T12:31:10.515-0400][gc,phases   ] GC(9)   Evacuate Collection Set: 6.3ms
[2025-05-06T12:31:10.515-0400][gc,phases   ] GC(9)   Post Evacuate Collection Set: 0.7ms
[2025-05-06T12:31:10.515-0400][gc,phases   ] GC(9)   Other: 0.2ms
[2025-05-06T12:31:10.515-0400][gc,heap     ] GC(9) Eden regions: 48->0(47)
[2025-05-06T12:31:10.515-0400][gc,heap     ] GC(9) Survivor regions: 3->4(7)
[2025-05-06T12:31:10.515-0400][gc,heap     ] GC(9) Old regions: 23->23
[2025-05-06T12:31:10.515-0400][gc,heap     ] GC(9) Archive regions: 2->2
[2025-05-06T12:31:10.515-0400][gc,heap     ] GC(9) Humongous regions: 142->142
[2025-05-06T12:31:10.515-0400][gc,metaspace] GC(9) Metaspace: 48166K(49088K)->48166K(49088K) NonClass: 42520K(43008K)->42520K(43008K) Class: 5645K(6080K)->5645K(6080K)
[2025-05-06T12:31:10.515-0400][gc          ] GC(9) Pause Young (Normal) (G1 Evacuation Pause) 216M->169M(1024M) 7.521ms
[2025-05-06T12:31:10.515-0400][gc,cpu      ] GC(9) User=0.02s Sys=0.00s Real=0.01s
[2025-05-06T12:33:57.275-0400][gc,heap,exit] Heap
[2025-05-06T12:33:57.275-0400][gc,heap,exit]  garbage-first heap   total 1048576K, used 220275K [0x00000000c0000000, 0x0000000100000000)
[2025-05-06T12:33:57.275-0400][gc,heap,exit]   region size 1024K, 51 young (52224K), 4 survivors (4096K)
[2025-05-06T12:33:57.275-0400][gc,heap,exit]  Metaspace       used 49474K, committed 50368K, reserved 1114112K
[2025-05-06T12:33:57.275-0400][gc,heap,exit]   class space    used 5882K, committed 6336K, reserved 1048576K
