[2025-05-07T13:25:26.529-0400][gc] Using G1
[2025-05-07T13:25:26.541-0400][gc,init] Version: 17.0.15+6-Debian-1deb12u1 (release)
[2025-05-07T13:25:26.541-0400][gc,init] CPUs: 4 total, 4 available
[2025-05-07T13:25:26.541-0400][gc,init] Memory: 7836M
[2025-05-07T13:25:26.541-0400][gc,init] Large Page Support: Disabled
[2025-05-07T13:25:26.541-0400][gc,init] NUMA Support: Disabled
[2025-05-07T13:25:26.541-0400][gc,init] Compressed Oops: Enabled (32-bit)
[2025-05-07T13:25:26.541-0400][gc,init] Heap Region Size: 1M
[2025-05-07T13:25:26.541-0400][gc,init] Heap Min Capacity: 1G
[2025-05-07T13:25:26.541-0400][gc,init] Heap Initial Capacity: 1G
[2025-05-07T13:25:26.541-0400][gc,init] Heap Max Capacity: 1G
[2025-05-07T13:25:26.541-0400][gc,init] Pre-touch: Disabled
[2025-05-07T13:25:26.541-0400][gc,init] Parallel Workers: 4
[2025-05-07T13:25:26.541-0400][gc,init] Concurrent Workers: 1
[2025-05-07T13:25:26.541-0400][gc,init] Concurrent Refinement Workers: 4
[2025-05-07T13:25:26.541-0400][gc,init] Periodic GC: Disabled
[2025-05-07T13:25:26.548-0400][gc,metaspace] CDS archive(s) mapped at: [0x00007fa68b000000-0x00007fa68bbc7000-0x00007fa68bbc7000), size 12349440, SharedBaseAddress: 0x00007fa68b000000, ArchiveRelocationMode: 1.
[2025-05-07T13:25:26.548-0400][gc,metaspace] Compressed class space mapped at: 0x00007fa68c000000-0x00007fa6cc000000, reserved size: 1073741824
[2025-05-07T13:25:26.548-0400][gc,metaspace] Narrow klass base: 0x00007fa68b000000, Narrow klass shift: 0, Narrow klass range: 0x100000000
[2025-05-07T13:25:27.907-0400][gc,start    ] GC(0) Pause Young (Normal) (G1 Evacuation Pause)
[2025-05-07T13:25:27.907-0400][gc,task     ] GC(0) Using 4 workers of 4 for evacuation
[2025-05-07T13:25:27.917-0400][gc,phases   ] GC(0)   Pre Evacuate Collection Set: 0.1ms
[2025-05-07T13:25:27.917-0400][gc,phases   ] GC(0)   Merge Heap Roots: 0.1ms
[2025-05-07T13:25:27.917-0400][gc,phases   ] GC(0)   Evacuate Collection Set: 8.4ms
[2025-05-07T13:25:27.917-0400][gc,phases   ] GC(0)   Post Evacuate Collection Set: 0.6ms
[2025-05-07T13:25:27.917-0400][gc,phases   ] GC(0)   Other: 0.5ms
[2025-05-07T13:25:27.917-0400][gc,heap     ] GC(0) Eden regions: 51->0(44)
[2025-05-07T13:25:27.917-0400][gc,heap     ] GC(0) Survivor regions: 0->7(7)
[2025-05-07T13:25:27.917-0400][gc,heap     ] GC(0) Old regions: 0->1
[2025-05-07T13:25:27.917-0400][gc,heap     ] GC(0) Archive regions: 2->2
[2025-05-07T13:25:27.917-0400][gc,heap     ] GC(0) Humongous regions: 0->0
[2025-05-07T13:25:27.917-0400][gc,metaspace] GC(0) Metaspace: 17044K(17280K)->17044K(17280K) NonClass: 14971K(15104K)->14971K(15104K) Class: 2072K(2176K)->2072K(2176K)
[2025-05-07T13:25:27.917-0400][gc          ] GC(0) Pause Young (Normal) (G1 Evacuation Pause) 51M->8M(1024M) 9.819ms
[2025-05-07T13:25:27.917-0400][gc,cpu      ] GC(0) User=0.02s Sys=0.01s Real=0.01s
[2025-05-07T13:25:28.216-0400][gc,start    ] GC(1) Pause Young (Concurrent Start) (Metadata GC Threshold)
[2025-05-07T13:25:28.216-0400][gc,task     ] GC(1) Using 4 workers of 4 for evacuation
[2025-05-07T13:25:28.225-0400][gc,phases   ] GC(1)   Pre Evacuate Collection Set: 0.1ms
[2025-05-07T13:25:28.225-0400][gc,phases   ] GC(1)   Merge Heap Roots: 0.0ms
[2025-05-07T13:25:28.225-0400][gc,phases   ] GC(1)   Evacuate Collection Set: 7.9ms
[2025-05-07T13:25:28.225-0400][gc,phases   ] GC(1)   Post Evacuate Collection Set: 0.4ms
[2025-05-07T13:25:28.225-0400][gc,phases   ] GC(1)   Other: 0.2ms
[2025-05-07T13:25:28.225-0400][gc,heap     ] GC(1) Eden regions: 14->0(49)
[2025-05-07T13:25:28.225-0400][gc,heap     ] GC(1) Survivor regions: 7->2(7)
[2025-05-07T13:25:28.225-0400][gc,heap     ] GC(1) Old regions: 1->8
[2025-05-07T13:25:28.225-0400][gc,heap     ] GC(1) Archive regions: 2->2
[2025-05-07T13:25:28.225-0400][gc,heap     ] GC(1) Humongous regions: 0->0
[2025-05-07T13:25:28.225-0400][gc,metaspace] GC(1) Metaspace: 21324K(21504K)->21324K(21504K) NonClass: 18681K(18752K)->18681K(18752K) Class: 2642K(2752K)->2642K(2752K)
[2025-05-07T13:25:28.225-0400][gc          ] GC(1) Pause Young (Concurrent Start) (Metadata GC Threshold) 22M->9M(1024M) 8.819ms
[2025-05-07T13:25:28.225-0400][gc,cpu      ] GC(1) User=0.03s Sys=0.01s Real=0.01s
[2025-05-07T13:25:28.225-0400][gc          ] GC(2) Concurrent Mark Cycle
[2025-05-07T13:25:28.225-0400][gc,marking  ] GC(2) Concurrent Clear Claimed Marks
[2025-05-07T13:25:28.225-0400][gc,marking  ] GC(2) Concurrent Clear Claimed Marks 0.026ms
[2025-05-07T13:25:28.225-0400][gc,marking  ] GC(2) Concurrent Scan Root Regions
[2025-05-07T13:25:28.231-0400][gc,marking  ] GC(2) Concurrent Scan Root Regions 5.578ms
[2025-05-07T13:25:28.231-0400][gc,marking  ] GC(2) Concurrent Mark
[2025-05-07T13:25:28.231-0400][gc,marking  ] GC(2) Concurrent Mark From Roots
[2025-05-07T13:25:28.231-0400][gc,task     ] GC(2) Using 1 workers of 1 for marking
[2025-05-07T13:25:28.236-0400][gc,marking  ] GC(2) Concurrent Mark From Roots 5.616ms
[2025-05-07T13:25:28.236-0400][gc,marking  ] GC(2) Concurrent Preclean
[2025-05-07T13:25:28.236-0400][gc,marking  ] GC(2) Concurrent Preclean 0.094ms
[2025-05-07T13:25:28.236-0400][gc,start    ] GC(2) Pause Remark
[2025-05-07T13:25:28.239-0400][gc          ] GC(2) Pause Remark 10M->10M(1024M) 2.351ms
[2025-05-07T13:25:28.239-0400][gc,cpu      ] GC(2) User=0.01s Sys=0.00s Real=0.01s
[2025-05-07T13:25:28.239-0400][gc,marking  ] GC(2) Concurrent Mark 8.348ms
[2025-05-07T13:25:28.239-0400][gc,marking  ] GC(2) Concurrent Rebuild Remembered Sets
[2025-05-07T13:25:28.246-0400][gc,marking  ] GC(2) Concurrent Rebuild Remembered Sets 7.264ms
[2025-05-07T13:25:28.246-0400][gc,start    ] GC(2) Pause Cleanup
[2025-05-07T13:25:28.247-0400][gc          ] GC(2) Pause Cleanup 10M->10M(1024M) 0.233ms
[2025-05-07T13:25:28.247-0400][gc,cpu      ] GC(2) User=0.00s Sys=0.00s Real=0.00s
[2025-05-07T13:25:28.247-0400][gc,marking  ] GC(2) Concurrent Cleanup for Next Mark
[2025-05-07T13:25:28.253-0400][gc,marking  ] GC(2) Concurrent Cleanup for Next Mark 6.041ms
[2025-05-07T13:25:28.253-0400][gc          ] GC(2) Concurrent Mark Cycle 27.987ms
[2025-05-07T13:25:29.319-0400][gc,start    ] GC(3) Pause Young (Normal) (G1 Evacuation Pause)
[2025-05-07T13:25:29.319-0400][gc,task     ] GC(3) Using 4 workers of 4 for evacuation
[2025-05-07T13:25:29.327-0400][gc,phases   ] GC(3)   Pre Evacuate Collection Set: 0.1ms
[2025-05-07T13:25:29.327-0400][gc,phases   ] GC(3)   Merge Heap Roots: 0.1ms
[2025-05-07T13:25:29.327-0400][gc,phases   ] GC(3)   Evacuate Collection Set: 7.2ms
[2025-05-07T13:25:29.327-0400][gc,phases   ] GC(3)   Post Evacuate Collection Set: 0.5ms
[2025-05-07T13:25:29.327-0400][gc,phases   ] GC(3)   Other: 0.1ms
[2025-05-07T13:25:29.327-0400][gc,heap     ] GC(3) Eden regions: 49->0(45)
[2025-05-07T13:25:29.327-0400][gc,heap     ] GC(3) Survivor regions: 2->6(7)
[2025-05-07T13:25:29.327-0400][gc,heap     ] GC(3) Old regions: 8->8
[2025-05-07T13:25:29.327-0400][gc,heap     ] GC(3) Archive regions: 2->2
[2025-05-07T13:25:29.327-0400][gc,heap     ] GC(3) Humongous regions: 9->9
[2025-05-07T13:25:29.327-0400][gc,metaspace] GC(3) Metaspace: 33530K(33984K)->33530K(33984K) NonClass: 29571K(29824K)->29571K(29824K) Class: 3958K(4160K)->3958K(4160K)
[2025-05-07T13:25:29.327-0400][gc          ] GC(3) Pause Young (Normal) (G1 Evacuation Pause) 67M->23M(1024M) 8.090ms
[2025-05-07T13:25:29.327-0400][gc,cpu      ] GC(3) User=0.03s Sys=0.00s Real=0.00s
[2025-05-07T13:25:29.501-0400][gc,start    ] GC(4) Pause Young (Concurrent Start) (Metadata GC Threshold)
[2025-05-07T13:25:29.501-0400][gc,task     ] GC(4) Using 4 workers of 4 for evacuation
[2025-05-07T13:25:29.514-0400][gc,phases   ] GC(4)   Pre Evacuate Collection Set: 0.1ms
[2025-05-07T13:25:29.514-0400][gc,phases   ] GC(4)   Merge Heap Roots: 0.1ms
[2025-05-07T13:25:29.514-0400][gc,phases   ] GC(4)   Evacuate Collection Set: 11.5ms
[2025-05-07T13:25:29.514-0400][gc,phases   ] GC(4)   Post Evacuate Collection Set: 0.7ms
[2025-05-07T13:25:29.514-0400][gc,phases   ] GC(4)   Other: 0.2ms
[2025-05-07T13:25:29.514-0400][gc,heap     ] GC(4) Eden regions: 12->0(49)
[2025-05-07T13:25:29.514-0400][gc,heap     ] GC(4) Survivor regions: 6->2(7)
[2025-05-07T13:25:29.514-0400][gc,heap     ] GC(4) Old regions: 8->14
[2025-05-07T13:25:29.514-0400][gc,heap     ] GC(4) Archive regions: 2->2
[2025-05-07T13:25:29.514-0400][gc,heap     ] GC(4) Humongous regions: 9->9
[2025-05-07T13:25:29.514-0400][gc,metaspace] GC(4) Metaspace: 35713K(36096K)->35713K(36096K) NonClass: 31488K(31680K)->31488K(31680K) Class: 4224K(4416K)->4224K(4416K)
[2025-05-07T13:25:29.514-0400][gc          ] GC(4) Pause Young (Concurrent Start) (Metadata GC Threshold) 35M->24M(1024M) 12.675ms
[2025-05-07T13:25:29.514-0400][gc,cpu      ] GC(4) User=0.04s Sys=0.00s Real=0.01s
[2025-05-07T13:25:29.514-0400][gc          ] GC(5) Concurrent Mark Cycle
[2025-05-07T13:25:29.514-0400][gc,marking  ] GC(5) Concurrent Clear Claimed Marks
[2025-05-07T13:25:29.514-0400][gc,marking  ] GC(5) Concurrent Clear Claimed Marks 0.038ms
[2025-05-07T13:25:29.514-0400][gc,marking  ] GC(5) Concurrent Scan Root Regions
[2025-05-07T13:25:29.522-0400][gc,marking  ] GC(5) Concurrent Scan Root Regions 7.937ms
[2025-05-07T13:25:29.522-0400][gc,marking  ] GC(5) Concurrent Mark
[2025-05-07T13:25:29.522-0400][gc,marking  ] GC(5) Concurrent Mark From Roots
[2025-05-07T13:25:29.522-0400][gc,task     ] GC(5) Using 1 workers of 1 for marking
[2025-05-07T13:25:29.539-0400][gc,marking  ] GC(5) Concurrent Mark From Roots 17.084ms
[2025-05-07T13:25:29.539-0400][gc,marking  ] GC(5) Concurrent Preclean
[2025-05-07T13:25:29.539-0400][gc,marking  ] GC(5) Concurrent Preclean 0.179ms
[2025-05-07T13:25:29.540-0400][gc,start    ] GC(5) Pause Remark
[2025-05-07T13:25:29.542-0400][gc          ] GC(5) Pause Remark 26M->26M(1024M) 2.089ms
[2025-05-07T13:25:29.542-0400][gc,cpu      ] GC(5) User=0.01s Sys=0.00s Real=0.00s
[2025-05-07T13:25:29.542-0400][gc,marking  ] GC(5) Concurrent Mark 19.721ms
[2025-05-07T13:25:29.542-0400][gc,marking  ] GC(5) Concurrent Rebuild Remembered Sets
[2025-05-07T13:25:29.559-0400][gc,marking  ] GC(5) Concurrent Rebuild Remembered Sets 16.834ms
[2025-05-07T13:25:29.559-0400][gc,start    ] GC(5) Pause Cleanup
[2025-05-07T13:25:29.559-0400][gc          ] GC(5) Pause Cleanup 27M->27M(1024M) 0.125ms
[2025-05-07T13:25:29.559-0400][gc,cpu      ] GC(5) User=0.00s Sys=0.00s Real=0.00s
[2025-05-07T13:25:29.559-0400][gc,marking  ] GC(5) Concurrent Cleanup for Next Mark
[2025-05-07T13:25:29.569-0400][gc,marking  ] GC(5) Concurrent Cleanup for Next Mark 9.834ms
[2025-05-07T13:25:29.569-0400][gc          ] GC(5) Concurrent Mark Cycle 54.878ms
[2025-05-07T13:25:41.615-0400][gc,start    ] GC(6) Pause Young (Normal) (G1 Evacuation Pause)
[2025-05-07T13:25:41.615-0400][gc,task     ] GC(6) Using 4 workers of 4 for evacuation
[2025-05-07T13:25:41.630-0400][gc,phases   ] GC(6)   Pre Evacuate Collection Set: 0.2ms
[2025-05-07T13:25:41.630-0400][gc,phases   ] GC(6)   Merge Heap Roots: 0.1ms
[2025-05-07T13:25:41.630-0400][gc,phases   ] GC(6)   Evacuate Collection Set: 13.3ms
[2025-05-07T13:25:41.630-0400][gc,phases   ] GC(6)   Post Evacuate Collection Set: 1.1ms
[2025-05-07T13:25:41.630-0400][gc,phases   ] GC(6)   Other: 0.2ms
[2025-05-07T13:25:41.630-0400][gc,heap     ] GC(6) Eden regions: 49->0(44)
[2025-05-07T13:25:41.630-0400][gc,heap     ] GC(6) Survivor regions: 2->7(7)
[2025-05-07T13:25:41.630-0400][gc,heap     ] GC(6) Old regions: 14->15
[2025-05-07T13:25:41.630-0400][gc,heap     ] GC(6) Archive regions: 2->2
[2025-05-07T13:25:41.630-0400][gc,heap     ] GC(6) Humongous regions: 138->138
[2025-05-07T13:25:41.630-0400][gc,metaspace] GC(6) Metaspace: 43454K(44224K)->43454K(44224K) NonClass: 38207K(38592K)->38207K(38592K) Class: 5246K(5632K)->5246K(5632K)
[2025-05-07T13:25:41.630-0400][gc          ] GC(6) Pause Young (Normal) (G1 Evacuation Pause) 202M->160M(1024M) 15.116ms
[2025-05-07T13:25:41.630-0400][gc,cpu      ] GC(6) User=0.04s Sys=0.00s Real=0.02s
[2025-05-07T13:27:10.796-0400][gc,start    ] GC(7) Pause Young (Normal) (G1 Evacuation Pause)
[2025-05-07T13:27:10.796-0400][gc,task     ] GC(7) Using 4 workers of 4 for evacuation
[2025-05-07T13:27:10.809-0400][gc,phases   ] GC(7)   Pre Evacuate Collection Set: 0.2ms
[2025-05-07T13:27:10.809-0400][gc,phases   ] GC(7)   Merge Heap Roots: 0.1ms
[2025-05-07T13:27:10.809-0400][gc,phases   ] GC(7)   Evacuate Collection Set: 11.9ms
[2025-05-07T13:27:10.809-0400][gc,phases   ] GC(7)   Post Evacuate Collection Set: 0.8ms
[2025-05-07T13:27:10.809-0400][gc,phases   ] GC(7)   Other: 0.2ms
[2025-05-07T13:27:10.809-0400][gc,heap     ] GC(7) Eden regions: 44->0(48)
[2025-05-07T13:27:10.809-0400][gc,heap     ] GC(7) Survivor regions: 7->3(7)
[2025-05-07T13:27:10.809-0400][gc,heap     ] GC(7) Old regions: 15->22
[2025-05-07T13:27:10.809-0400][gc,heap     ] GC(7) Archive regions: 2->2
[2025-05-07T13:27:10.809-0400][gc,heap     ] GC(7) Humongous regions: 142->142
[2025-05-07T13:27:10.809-0400][gc,metaspace] GC(7) Metaspace: 47466K(48384K)->47466K(48384K) NonClass: 41816K(42304K)->41816K(42304K) Class: 5649K(6080K)->5649K(6080K)
[2025-05-07T13:27:10.809-0400][gc          ] GC(7) Pause Young (Normal) (G1 Evacuation Pause) 208M->167M(1024M) 13.278ms
[2025-05-07T13:27:10.809-0400][gc,cpu      ] GC(7) User=0.04s Sys=0.01s Real=0.01s
[2025-05-07T13:31:15.107-0400][gc,start    ] GC(8) Pause Young (Normal) (G1 Evacuation Pause)
[2025-05-07T13:31:15.107-0400][gc,task     ] GC(8) Using 4 workers of 4 for evacuation
[2025-05-07T13:31:15.115-0400][gc,phases   ] GC(8)   Pre Evacuate Collection Set: 0.3ms
[2025-05-07T13:31:15.115-0400][gc,phases   ] GC(8)   Merge Heap Roots: 0.1ms
[2025-05-07T13:31:15.115-0400][gc,phases   ] GC(8)   Evacuate Collection Set: 7.0ms
[2025-05-07T13:31:15.115-0400][gc,phases   ] GC(8)   Post Evacuate Collection Set: 0.6ms
[2025-05-07T13:31:15.115-0400][gc,phases   ] GC(8)   Other: 0.2ms
[2025-05-07T13:31:15.115-0400][gc,heap     ] GC(8) Eden regions: 48->0(47)
[2025-05-07T13:31:15.115-0400][gc,heap     ] GC(8) Survivor regions: 3->4(7)
[2025-05-07T13:31:15.115-0400][gc,heap     ] GC(8) Old regions: 22->22
[2025-05-07T13:31:15.115-0400][gc,heap     ] GC(8) Archive regions: 2->2
[2025-05-07T13:31:15.115-0400][gc,heap     ] GC(8) Humongous regions: 142->142
[2025-05-07T13:31:15.115-0400][gc,metaspace] GC(8) Metaspace: 48208K(49088K)->48208K(49088K) NonClass: 42554K(43008K)->42554K(43008K) Class: 5654K(6080K)->5654K(6080K)
[2025-05-07T13:31:15.115-0400][gc          ] GC(8) Pause Young (Normal) (G1 Evacuation Pause) 215M->168M(1024M) 8.332ms
[2025-05-07T13:31:15.115-0400][gc,cpu      ] GC(8) User=0.03s Sys=0.00s Real=0.01s
[2025-05-07T13:35:21.414-0400][gc,start    ] GC(9) Pause Young (Normal) (G1 Evacuation Pause)
[2025-05-07T13:35:21.414-0400][gc,task     ] GC(9) Using 4 workers of 4 for evacuation
[2025-05-07T13:35:21.422-0400][gc,phases   ] GC(9)   Pre Evacuate Collection Set: 0.3ms
[2025-05-07T13:35:21.422-0400][gc,phases   ] GC(9)   Merge Heap Roots: 0.2ms
[2025-05-07T13:35:21.422-0400][gc,phases   ] GC(9)   Evacuate Collection Set: 7.1ms
[2025-05-07T13:35:21.422-0400][gc,phases   ] GC(9)   Post Evacuate Collection Set: 0.5ms
[2025-05-07T13:35:21.422-0400][gc,phases   ] GC(9)   Other: 0.2ms
[2025-05-07T13:35:21.422-0400][gc,heap     ] GC(9) Eden regions: 47->0(48)
[2025-05-07T13:35:21.422-0400][gc,heap     ] GC(9) Survivor regions: 4->3(7)
[2025-05-07T13:35:21.422-0400][gc,heap     ] GC(9) Old regions: 22->24
[2025-05-07T13:35:21.422-0400][gc,heap     ] GC(9) Archive regions: 2->2
[2025-05-07T13:35:21.422-0400][gc,heap     ] GC(9) Humongous regions: 142->142
[2025-05-07T13:35:21.422-0400][gc,metaspace] GC(9) Metaspace: 48365K(49280K)->48365K(49280K) NonClass: 42711K(43200K)->42711K(43200K) Class: 5654K(6080K)->5654K(6080K)
[2025-05-07T13:35:21.422-0400][gc          ] GC(9) Pause Young (Normal) (G1 Evacuation Pause) 215M->169M(1024M) 8.264ms
[2025-05-07T13:35:21.422-0400][gc,cpu      ] GC(9) User=0.03s Sys=0.00s Real=0.01s
[2025-05-07T13:39:40.454-0400][gc,start    ] GC(10) Pause Young (Normal) (G1 Evacuation Pause)
[2025-05-07T13:39:40.454-0400][gc,task     ] GC(10) Using 4 workers of 4 for evacuation
[2025-05-07T13:39:40.468-0400][gc,phases   ] GC(10)   Pre Evacuate Collection Set: 0.2ms
[2025-05-07T13:39:40.468-0400][gc,phases   ] GC(10)   Merge Heap Roots: 0.1ms
[2025-05-07T13:39:40.468-0400][gc,phases   ] GC(10)   Evacuate Collection Set: 13.1ms
[2025-05-07T13:39:40.468-0400][gc,phases   ] GC(10)   Post Evacuate Collection Set: 0.8ms
[2025-05-07T13:39:40.468-0400][gc,phases   ] GC(10)   Other: 0.3ms
[2025-05-07T13:39:40.468-0400][gc,heap     ] GC(10) Eden regions: 48->0(46)
[2025-05-07T13:39:40.468-0400][gc,heap     ] GC(10) Survivor regions: 3->5(7)
[2025-05-07T13:39:40.468-0400][gc,heap     ] GC(10) Old regions: 24->24
[2025-05-07T13:39:40.468-0400][gc,heap     ] GC(10) Archive regions: 2->2
[2025-05-07T13:39:40.468-0400][gc,heap     ] GC(10) Humongous regions: 142->142
[2025-05-07T13:39:40.468-0400][gc,metaspace] GC(10) Metaspace: 48514K(49408K)->48514K(49408K) NonClass: 42848K(43328K)->42848K(43328K) Class: 5666K(6080K)->5666K(6080K)
[2025-05-07T13:39:40.468-0400][gc          ] GC(10) Pause Young (Normal) (G1 Evacuation Pause) 217M->170M(1024M) 14.722ms
[2025-05-07T13:39:40.468-0400][gc,cpu      ] GC(10) User=0.05s Sys=0.00s Real=0.01s
[2025-05-07T13:43:59.382-0400][gc,start    ] GC(11) Pause Young (Normal) (G1 Evacuation Pause)
[2025-05-07T13:43:59.382-0400][gc,task     ] GC(11) Using 4 workers of 4 for evacuation
[2025-05-07T13:43:59.407-0400][gc,mmu      ] GC(11) MMU target violated: 21.0ms (20.0ms/21.0ms)
[2025-05-07T13:43:59.407-0400][gc,phases   ] GC(11)   Pre Evacuate Collection Set: 0.4ms
[2025-05-07T13:43:59.407-0400][gc,phases   ] GC(11)   Merge Heap Roots: 0.2ms
[2025-05-07T13:43:59.407-0400][gc,phases   ] GC(11)   Evacuate Collection Set: 23.2ms
[2025-05-07T13:43:59.407-0400][gc,phases   ] GC(11)   Post Evacuate Collection Set: 0.9ms
[2025-05-07T13:43:59.407-0400][gc,phases   ] GC(11)   Other: 0.3ms
[2025-05-07T13:43:59.407-0400][gc,heap     ] GC(11) Eden regions: 46->0(46)
[2025-05-07T13:43:59.407-0400][gc,heap     ] GC(11) Survivor regions: 5->5(7)
[2025-05-07T13:43:59.407-0400][gc,heap     ] GC(11) Old regions: 24->26
[2025-05-07T13:43:59.407-0400][gc,heap     ] GC(11) Archive regions: 2->2
[2025-05-07T13:43:59.407-0400][gc,heap     ] GC(11) Humongous regions: 142->142
[2025-05-07T13:43:59.407-0400][gc,metaspace] GC(11) Metaspace: 48579K(49472K)->48579K(49472K) NonClass: 42912K(43392K)->42912K(43392K) Class: 5666K(6080K)->5666K(6080K)
[2025-05-07T13:43:59.407-0400][gc          ] GC(11) Pause Young (Normal) (G1 Evacuation Pause) 216M->172M(1024M) 25.150ms
[2025-05-07T13:43:59.407-0400][gc,cpu      ] GC(11) User=0.09s Sys=0.00s Real=0.02s
[2025-05-07T13:48:17.239-0400][gc,start    ] GC(12) Pause Young (Normal) (G1 Evacuation Pause)
[2025-05-07T13:48:17.240-0400][gc,task     ] GC(12) Using 4 workers of 4 for evacuation
[2025-05-07T13:48:17.260-0400][gc,mmu      ] GC(12) MMU target violated: 20.4ms (20.0ms/21.0ms)
[2025-05-07T13:48:17.260-0400][gc,phases   ] GC(12)   Pre Evacuate Collection Set: 0.4ms
[2025-05-07T13:48:17.260-0400][gc,phases   ] GC(12)   Merge Heap Roots: 0.2ms
[2025-05-07T13:48:17.260-0400][gc,phases   ] GC(12)   Evacuate Collection Set: 19.1ms
[2025-05-07T13:48:17.260-0400][gc,phases   ] GC(12)   Post Evacuate Collection Set: 0.8ms
[2025-05-07T13:48:17.260-0400][gc,phases   ] GC(12)   Other: 0.3ms
[2025-05-07T13:48:17.260-0400][gc,heap     ] GC(12) Eden regions: 46->0(46)
[2025-05-07T13:48:17.260-0400][gc,heap     ] GC(12) Survivor regions: 5->5(7)
[2025-05-07T13:48:17.260-0400][gc,heap     ] GC(12) Old regions: 26->27
[2025-05-07T13:48:17.260-0400][gc,heap     ] GC(12) Archive regions: 2->2
[2025-05-07T13:48:17.260-0400][gc,heap     ] GC(12) Humongous regions: 142->142
[2025-05-07T13:48:17.260-0400][gc,metaspace] GC(12) Metaspace: 48628K(49472K)->48628K(49472K) NonClass: 42960K(43392K)->42960K(43392K) Class: 5668K(6080K)->5668K(6080K)
[2025-05-07T13:48:17.260-0400][gc          ] GC(12) Pause Young (Normal) (G1 Evacuation Pause) 218M->174M(1024M) 20.923ms
[2025-05-07T13:48:17.260-0400][gc,cpu      ] GC(12) User=0.07s Sys=0.01s Real=0.02s
[2025-05-07T13:52:40.770-0400][gc,start    ] GC(13) Pause Young (Normal) (G1 Evacuation Pause)
[2025-05-07T13:52:40.770-0400][gc,task     ] GC(13) Using 4 workers of 4 for evacuation
[2025-05-07T13:52:40.797-0400][gc,mmu      ] GC(13) MMU target violated: 21.0ms (20.0ms/21.0ms)
[2025-05-07T13:52:40.797-0400][gc,phases   ] GC(13)   Pre Evacuate Collection Set: 0.3ms
[2025-05-07T13:52:40.797-0400][gc,phases   ] GC(13)   Merge Heap Roots: 0.2ms
[2025-05-07T13:52:40.797-0400][gc,phases   ] GC(13)   Evacuate Collection Set: 25.3ms
[2025-05-07T13:52:40.797-0400][gc,phases   ] GC(13)   Post Evacuate Collection Set: 0.9ms
[2025-05-07T13:52:40.797-0400][gc,phases   ] GC(13)   Other: 0.3ms
[2025-05-07T13:52:40.797-0400][gc,heap     ] GC(13) Eden regions: 46->0(46)
[2025-05-07T13:52:40.797-0400][gc,heap     ] GC(13) Survivor regions: 5->5(7)
[2025-05-07T13:52:40.797-0400][gc,heap     ] GC(13) Old regions: 27->29
[2025-05-07T13:52:40.797-0400][gc,heap     ] GC(13) Archive regions: 2->2
[2025-05-07T13:52:40.797-0400][gc,heap     ] GC(13) Humongous regions: 142->142
[2025-05-07T13:52:40.797-0400][gc,metaspace] GC(13) Metaspace: 48636K(49536K)->48636K(49536K) NonClass: 42968K(43456K)->42968K(43456K) Class: 5668K(6080K)->5668K(6080K)
[2025-05-07T13:52:40.797-0400][gc          ] GC(13) Pause Young (Normal) (G1 Evacuation Pause) 220M->176M(1024M) 27.228ms
[2025-05-07T13:52:40.797-0400][gc,cpu      ] GC(13) User=0.10s Sys=0.00s Real=0.02s
[2025-05-07T13:57:07.174-0400][gc,start    ] GC(14) Pause Young (Normal) (G1 Evacuation Pause)
[2025-05-07T13:57:07.174-0400][gc,task     ] GC(14) Using 4 workers of 4 for evacuation
[2025-05-07T13:57:07.203-0400][gc,mmu      ] GC(14) MMU target violated: 21.0ms (20.0ms/21.0ms)
[2025-05-07T13:57:07.203-0400][gc,phases   ] GC(14)   Pre Evacuate Collection Set: 0.4ms
[2025-05-07T13:57:07.203-0400][gc,phases   ] GC(14)   Merge Heap Roots: 0.2ms
[2025-05-07T13:57:07.203-0400][gc,phases   ] GC(14)   Evacuate Collection Set: 26.9ms
[2025-05-07T13:57:07.203-0400][gc,phases   ] GC(14)   Post Evacuate Collection Set: 0.9ms
[2025-05-07T13:57:07.203-0400][gc,phases   ] GC(14)   Other: 0.4ms
[2025-05-07T13:57:07.203-0400][gc,heap     ] GC(14) Eden regions: 46->0(45)
[2025-05-07T13:57:07.203-0400][gc,heap     ] GC(14) Survivor regions: 5->6(7)
[2025-05-07T13:57:07.203-0400][gc,heap     ] GC(14) Old regions: 29->31
[2025-05-07T13:57:07.203-0400][gc,heap     ] GC(14) Archive regions: 2->2
[2025-05-07T13:57:07.203-0400][gc,heap     ] GC(14) Humongous regions: 142->142
[2025-05-07T13:57:07.203-0400][gc,metaspace] GC(14) Metaspace: 48651K(49536K)->48651K(49536K) NonClass: 42983K(43456K)->42983K(43456K) Class: 5668K(6080K)->5668K(6080K)
[2025-05-07T13:57:07.203-0400][gc          ] GC(14) Pause Young (Normal) (G1 Evacuation Pause) 222M->179M(1024M) 28.923ms
[2025-05-07T13:57:07.203-0400][gc,cpu      ] GC(14) User=0.09s Sys=0.00s Real=0.03s
[2025-05-07T14:01:27.877-0400][gc,start    ] GC(15) Pause Young (Normal) (G1 Evacuation Pause)
[2025-05-07T14:01:27.877-0400][gc,task     ] GC(15) Using 4 workers of 4 for evacuation
[2025-05-07T14:01:27.905-0400][gc,mmu      ] GC(15) MMU target violated: 21.0ms (20.0ms/21.0ms)
[2025-05-07T14:01:27.905-0400][gc,phases   ] GC(15)   Pre Evacuate Collection Set: 0.4ms
[2025-05-07T14:01:27.905-0400][gc,phases   ] GC(15)   Merge Heap Roots: 0.2ms
[2025-05-07T14:01:27.905-0400][gc,phases   ] GC(15)   Evacuate Collection Set: 26.7ms
[2025-05-07T14:01:27.905-0400][gc,phases   ] GC(15)   Post Evacuate Collection Set: 0.9ms
[2025-05-07T14:01:27.905-0400][gc,phases   ] GC(15)   Other: 0.4ms
[2025-05-07T14:01:27.905-0400][gc,heap     ] GC(15) Eden regions: 45->0(46)
[2025-05-07T14:01:27.905-0400][gc,heap     ] GC(15) Survivor regions: 6->5(7)
[2025-05-07T14:01:27.905-0400][gc,heap     ] GC(15) Old regions: 31->34
[2025-05-07T14:01:27.905-0400][gc,heap     ] GC(15) Archive regions: 2->2
[2025-05-07T14:01:27.905-0400][gc,heap     ] GC(15) Humongous regions: 142->142
[2025-05-07T14:01:27.905-0400][gc,metaspace] GC(15) Metaspace: 48664K(49536K)->48664K(49536K) NonClass: 42996K(43456K)->42996K(43456K) Class: 5668K(6080K)->5668K(6080K)
[2025-05-07T14:01:27.905-0400][gc          ] GC(15) Pause Young (Normal) (G1 Evacuation Pause) 224M->180M(1024M) 28.685ms
[2025-05-07T14:01:27.905-0400][gc,cpu      ] GC(15) User=0.11s Sys=0.00s Real=0.03s
[2025-05-07T14:05:54.339-0400][gc,start    ] GC(16) Pause Young (Normal) (G1 Evacuation Pause)
[2025-05-07T14:05:54.339-0400][gc,task     ] GC(16) Using 4 workers of 4 for evacuation
[2025-05-07T14:05:54.368-0400][gc,mmu      ] GC(16) MMU target violated: 21.0ms (20.0ms/21.0ms)
[2025-05-07T14:05:54.368-0400][gc,phases   ] GC(16)   Pre Evacuate Collection Set: 0.3ms
[2025-05-07T14:05:54.368-0400][gc,phases   ] GC(16)   Merge Heap Roots: 0.2ms
[2025-05-07T14:05:54.368-0400][gc,phases   ] GC(16)   Evacuate Collection Set: 26.9ms
[2025-05-07T14:05:54.368-0400][gc,phases   ] GC(16)   Post Evacuate Collection Set: 1.0ms
[2025-05-07T14:05:54.368-0400][gc,phases   ] GC(16)   Other: 0.4ms
[2025-05-07T14:05:54.368-0400][gc,heap     ] GC(16) Eden regions: 46->0(45)
[2025-05-07T14:05:54.368-0400][gc,heap     ] GC(16) Survivor regions: 5->6(7)
[2025-05-07T14:05:54.368-0400][gc,heap     ] GC(16) Old regions: 34->36
[2025-05-07T14:05:54.368-0400][gc,heap     ] GC(16) Archive regions: 2->2
[2025-05-07T14:05:54.368-0400][gc,heap     ] GC(16) Humongous regions: 142->142
[2025-05-07T14:05:54.368-0400][gc,metaspace] GC(16) Metaspace: 48668K(49536K)->48668K(49536K) NonClass: 42999K(43456K)->42999K(43456K) Class: 5668K(6080K)->5668K(6080K)
[2025-05-07T14:05:54.368-0400][gc          ] GC(16) Pause Young (Normal) (G1 Evacuation Pause) 226M->183M(1024M) 28.993ms
[2025-05-07T14:05:54.368-0400][gc,cpu      ] GC(16) User=0.11s Sys=0.00s Real=0.02s
[2025-05-07T14:10:15.001-0400][gc,start    ] GC(17) Pause Young (Normal) (G1 Evacuation Pause)
[2025-05-07T14:10:15.002-0400][gc,task     ] GC(17) Using 4 workers of 4 for evacuation
[2025-05-07T14:10:15.026-0400][gc,mmu      ] GC(17) MMU target violated: 21.0ms (20.0ms/21.0ms)
[2025-05-07T14:10:15.026-0400][gc,phases   ] GC(17)   Pre Evacuate Collection Set: 0.4ms
[2025-05-07T14:10:15.026-0400][gc,phases   ] GC(17)   Merge Heap Roots: 0.2ms
[2025-05-07T14:10:15.026-0400][gc,phases   ] GC(17)   Evacuate Collection Set: 22.8ms
[2025-05-07T14:10:15.026-0400][gc,phases   ] GC(17)   Post Evacuate Collection Set: 0.8ms
[2025-05-07T14:10:15.026-0400][gc,phases   ] GC(17)   Other: 0.4ms
[2025-05-07T14:10:15.026-0400][gc,heap     ] GC(17) Eden regions: 45->0(45)
[2025-05-07T14:10:15.026-0400][gc,heap     ] GC(17) Survivor regions: 6->6(7)
[2025-05-07T14:10:15.026-0400][gc,heap     ] GC(17) Old regions: 36->38
[2025-05-07T14:10:15.026-0400][gc,heap     ] GC(17) Archive regions: 2->2
[2025-05-07T14:10:15.026-0400][gc,heap     ] GC(17) Humongous regions: 142->142
[2025-05-07T14:10:15.026-0400][gc,metaspace] GC(17) Metaspace: 48711K(49600K)->48711K(49600K) NonClass: 43041K(43520K)->43041K(43520K) Class: 5669K(6080K)->5669K(6080K)
[2025-05-07T14:10:15.026-0400][gc          ] GC(17) Pause Young (Normal) (G1 Evacuation Pause) 228M->186M(1024M) 24.507ms
[2025-05-07T14:10:15.026-0400][gc,cpu      ] GC(17) User=0.09s Sys=0.00s Real=0.02s
[2025-05-07T14:14:37.603-0400][gc,start    ] GC(18) Pause Young (Normal) (G1 Evacuation Pause)
[2025-05-07T14:14:37.603-0400][gc,task     ] GC(18) Using 4 workers of 4 for evacuation
[2025-05-07T14:14:37.623-0400][gc,phases   ] GC(18)   Pre Evacuate Collection Set: 0.3ms
[2025-05-07T14:14:37.623-0400][gc,phases   ] GC(18)   Merge Heap Roots: 0.2ms
[2025-05-07T14:14:37.623-0400][gc,phases   ] GC(18)   Evacuate Collection Set: 18.6ms
[2025-05-07T14:14:37.623-0400][gc,phases   ] GC(18)   Post Evacuate Collection Set: 0.7ms
[2025-05-07T14:14:37.623-0400][gc,phases   ] GC(18)   Other: 0.2ms
[2025-05-07T14:14:37.623-0400][gc,heap     ] GC(18) Eden regions: 45->0(45)
[2025-05-07T14:14:37.623-0400][gc,heap     ] GC(18) Survivor regions: 6->6(7)
[2025-05-07T14:14:37.623-0400][gc,heap     ] GC(18) Old regions: 38->40
[2025-05-07T14:14:37.623-0400][gc,heap     ] GC(18) Archive regions: 2->2
[2025-05-07T14:14:37.623-0400][gc,heap     ] GC(18) Humongous regions: 142->142
[2025-05-07T14:14:37.623-0400][gc,metaspace] GC(18) Metaspace: 48721K(49600K)->48721K(49600K) NonClass: 43052K(43520K)->43052K(43520K) Class: 5669K(6080K)->5669K(6080K)
[2025-05-07T14:14:37.623-0400][gc          ] GC(18) Pause Young (Normal) (G1 Evacuation Pause) 231M->187M(1024M) 20.184ms
[2025-05-07T14:14:37.623-0400][gc,cpu      ] GC(18) User=0.08s Sys=0.00s Real=0.02s
[2025-05-07T14:19:01.765-0400][gc,start    ] GC(19) Pause Young (Normal) (G1 Evacuation Pause)
[2025-05-07T14:19:01.765-0400][gc,task     ] GC(19) Using 4 workers of 4 for evacuation
[2025-05-07T14:19:01.789-0400][gc,mmu      ] GC(19) MMU target violated: 21.0ms (20.0ms/21.0ms)
[2025-05-07T14:19:01.790-0400][gc,phases   ] GC(19)   Pre Evacuate Collection Set: 0.3ms
[2025-05-07T14:19:01.790-0400][gc,phases   ] GC(19)   Merge Heap Roots: 0.2ms
[2025-05-07T14:19:01.790-0400][gc,phases   ] GC(19)   Evacuate Collection Set: 22.8ms
[2025-05-07T14:19:01.790-0400][gc,phases   ] GC(19)   Post Evacuate Collection Set: 0.9ms
[2025-05-07T14:19:01.790-0400][gc,phases   ] GC(19)   Other: 0.3ms
[2025-05-07T14:19:01.790-0400][gc,heap     ] GC(19) Eden regions: 45->0(45)
[2025-05-07T14:19:01.790-0400][gc,heap     ] GC(19) Survivor regions: 6->6(7)
[2025-05-07T14:19:01.790-0400][gc,heap     ] GC(19) Old regions: 40->42
[2025-05-07T14:19:01.790-0400][gc,heap     ] GC(19) Archive regions: 2->2
[2025-05-07T14:19:01.790-0400][gc,heap     ] GC(19) Humongous regions: 142->142
[2025-05-07T14:19:01.790-0400][gc,metaspace] GC(19) Metaspace: 48743K(49600K)->48743K(49600K) NonClass: 43074K(43520K)->43074K(43520K) Class: 5669K(6080K)->5669K(6080K)
[2025-05-07T14:19:01.790-0400][gc          ] GC(19) Pause Young (Normal) (G1 Evacuation Pause) 232M->190M(1024M) 24.575ms
[2025-05-07T14:19:01.790-0400][gc,cpu      ] GC(19) User=0.09s Sys=0.00s Real=0.03s
[2025-05-07T14:23:29.883-0400][gc,start    ] GC(20) Pause Young (Normal) (G1 Evacuation Pause)
[2025-05-07T14:23:29.883-0400][gc,task     ] GC(20) Using 4 workers of 4 for evacuation
[2025-05-07T14:23:29.905-0400][gc,mmu      ] GC(20) MMU target violated: 21.0ms (20.0ms/21.0ms)
[2025-05-07T14:23:29.905-0400][gc,phases   ] GC(20)   Pre Evacuate Collection Set: 0.3ms
[2025-05-07T14:23:29.905-0400][gc,phases   ] GC(20)   Merge Heap Roots: 0.2ms
[2025-05-07T14:23:29.905-0400][gc,phases   ] GC(20)   Evacuate Collection Set: 20.8ms
[2025-05-07T14:23:29.905-0400][gc,phases   ] GC(20)   Post Evacuate Collection Set: 0.8ms
[2025-05-07T14:23:29.905-0400][gc,phases   ] GC(20)   Other: 0.3ms
[2025-05-07T14:23:29.905-0400][gc,heap     ] GC(20) Eden regions: 45->0(45)
[2025-05-07T14:23:29.905-0400][gc,heap     ] GC(20) Survivor regions: 6->6(7)
[2025-05-07T14:23:29.905-0400][gc,heap     ] GC(20) Old regions: 42->44
[2025-05-07T14:23:29.905-0400][gc,heap     ] GC(20) Archive regions: 2->2
[2025-05-07T14:23:29.905-0400][gc,heap     ] GC(20) Humongous regions: 142->142
[2025-05-07T14:23:29.905-0400][gc,metaspace] GC(20) Metaspace: 48749K(49600K)->48749K(49600K) NonClass: 43080K(43520K)->43080K(43520K) Class: 5669K(6080K)->5669K(6080K)
[2025-05-07T14:23:29.905-0400][gc          ] GC(20) Pause Young (Normal) (G1 Evacuation Pause) 235M->192M(1024M) 22.429ms
[2025-05-07T14:23:29.905-0400][gc,cpu      ] GC(20) User=0.08s Sys=0.00s Real=0.02s
[2025-05-07T14:27:25.002-0400][gc,start    ] GC(21) Pause Young (Normal) (G1 Evacuation Pause)
[2025-05-07T14:27:25.002-0400][gc,task     ] GC(21) Using 4 workers of 4 for evacuation
[2025-05-07T14:27:25.040-0400][gc,mmu      ] GC(21) MMU target violated: 21.0ms (20.0ms/21.0ms)
[2025-05-07T14:27:25.040-0400][gc,phases   ] GC(21)   Pre Evacuate Collection Set: 0.3ms
[2025-05-07T14:27:25.040-0400][gc,phases   ] GC(21)   Merge Heap Roots: 0.3ms
[2025-05-07T14:27:25.040-0400][gc,phases   ] GC(21)   Evacuate Collection Set: 36.5ms
[2025-05-07T14:27:25.040-0400][gc,phases   ] GC(21)   Post Evacuate Collection Set: 0.9ms
[2025-05-07T14:27:25.040-0400][gc,phases   ] GC(21)   Other: 0.3ms
[2025-05-07T14:27:25.041-0400][gc,heap     ] GC(21) Eden regions: 45->0(44)
[2025-05-07T14:27:25.041-0400][gc,heap     ] GC(21) Survivor regions: 6->7(7)
[2025-05-07T14:27:25.041-0400][gc,heap     ] GC(21) Old regions: 44->47
[2025-05-07T14:27:25.041-0400][gc,heap     ] GC(21) Archive regions: 2->2
[2025-05-07T14:27:25.041-0400][gc,heap     ] GC(21) Humongous regions: 151->151
[2025-05-07T14:27:25.041-0400][gc,metaspace] GC(21) Metaspace: 48920K(49792K)->48920K(49792K) NonClass: 43214K(43648K)->43214K(43648K) Class: 5706K(6144K)->5706K(6144K)
[2025-05-07T14:27:25.041-0400][gc          ] GC(21) Pause Young (Normal) (G1 Evacuation Pause) 246M->205M(1024M) 38.456ms
[2025-05-07T14:27:25.041-0400][gc,cpu      ] GC(21) User=0.14s Sys=0.01s Real=0.04s
[2025-05-07T14:31:43.498-0400][gc,start    ] GC(22) Pause Young (Normal) (G1 Evacuation Pause)
[2025-05-07T14:31:43.498-0400][gc,task     ] GC(22) Using 4 workers of 4 for evacuation
[2025-05-07T14:31:43.527-0400][gc,mmu      ] GC(22) MMU target violated: 21.0ms (20.0ms/21.0ms)
[2025-05-07T14:31:43.527-0400][gc,phases   ] GC(22)   Pre Evacuate Collection Set: 0.4ms
[2025-05-07T14:31:43.527-0400][gc,phases   ] GC(22)   Merge Heap Roots: 0.2ms
[2025-05-07T14:31:43.527-0400][gc,phases   ] GC(22)   Evacuate Collection Set: 26.8ms
[2025-05-07T14:31:43.527-0400][gc,phases   ] GC(22)   Post Evacuate Collection Set: 0.8ms
[2025-05-07T14:31:43.527-0400][gc,phases   ] GC(22)   Other: 0.6ms
[2025-05-07T14:31:43.527-0400][gc,heap     ] GC(22) Eden regions: 44->0(47)
[2025-05-07T14:31:43.527-0400][gc,heap     ] GC(22) Survivor regions: 7->4(7)
[2025-05-07T14:31:43.527-0400][gc,heap     ] GC(22) Old regions: 47->53
[2025-05-07T14:31:43.527-0400][gc,heap     ] GC(22) Archive regions: 2->2
[2025-05-07T14:31:43.527-0400][gc,heap     ] GC(22) Humongous regions: 151->151
[2025-05-07T14:31:43.527-0400][gc,metaspace] GC(22) Metaspace: 48951K(49792K)->48951K(49792K) NonClass: 43245K(43648K)->43245K(43648K) Class: 5706K(6144K)->5706K(6144K)
[2025-05-07T14:31:43.527-0400][gc          ] GC(22) Pause Young (Normal) (G1 Evacuation Pause) 249M->207M(1024M) 28.904ms
[2025-05-07T14:31:43.527-0400][gc,cpu      ] GC(22) User=0.11s Sys=0.00s Real=0.02s
[2025-05-07T14:36:22.713-0400][gc,start    ] GC(23) Pause Young (Normal) (G1 Evacuation Pause)
[2025-05-07T14:36:22.713-0400][gc,task     ] GC(23) Using 4 workers of 4 for evacuation
[2025-05-07T14:36:22.730-0400][gc,phases   ] GC(23)   Pre Evacuate Collection Set: 0.3ms
[2025-05-07T14:36:22.730-0400][gc,phases   ] GC(23)   Merge Heap Roots: 0.2ms
[2025-05-07T14:36:22.730-0400][gc,phases   ] GC(23)   Evacuate Collection Set: 15.4ms
[2025-05-07T14:36:22.730-0400][gc,phases   ] GC(23)   Post Evacuate Collection Set: 0.9ms
[2025-05-07T14:36:22.730-0400][gc,phases   ] GC(23)   Other: 0.3ms
[2025-05-07T14:36:22.730-0400][gc,heap     ] GC(23) Eden regions: 47->0(45)
[2025-05-07T14:36:22.730-0400][gc,heap     ] GC(23) Survivor regions: 4->6(7)
[2025-05-07T14:36:22.730-0400][gc,heap     ] GC(23) Old regions: 53->53
[2025-05-07T14:36:22.730-0400][gc,heap     ] GC(23) Archive regions: 2->2
[2025-05-07T14:36:22.730-0400][gc,heap     ] GC(23) Humongous regions: 151->151
[2025-05-07T14:36:22.730-0400][gc,metaspace] GC(23) Metaspace: 48967K(49920K)->48967K(49920K) NonClass: 43261K(43776K)->43261K(43776K) Class: 5706K(6144K)->5706K(6144K)
[2025-05-07T14:36:22.730-0400][gc          ] GC(23) Pause Young (Normal) (G1 Evacuation Pause) 254M->209M(1024M) 17.295ms
[2025-05-07T14:36:22.730-0400][gc,cpu      ] GC(23) User=0.07s Sys=0.00s Real=0.02s
[2025-05-07T14:40:49.690-0400][gc,start    ] GC(24) Pause Young (Normal) (G1 Evacuation Pause)
[2025-05-07T14:40:49.690-0400][gc,task     ] GC(24) Using 4 workers of 4 for evacuation
[2025-05-07T14:40:49.719-0400][gc,mmu      ] GC(24) MMU target violated: 21.0ms (20.0ms/21.0ms)
[2025-05-07T14:40:49.720-0400][gc,phases   ] GC(24)   Pre Evacuate Collection Set: 0.4ms
[2025-05-07T14:40:49.720-0400][gc,phases   ] GC(24)   Merge Heap Roots: 0.2ms
[2025-05-07T14:40:49.720-0400][gc,phases   ] GC(24)   Evacuate Collection Set: 28.3ms
[2025-05-07T14:40:49.720-0400][gc,phases   ] GC(24)   Post Evacuate Collection Set: 0.8ms
[2025-05-07T14:40:49.720-0400][gc,phases   ] GC(24)   Other: 0.3ms
[2025-05-07T14:40:49.720-0400][gc,heap     ] GC(24) Eden regions: 45->0(45)
[2025-05-07T14:40:49.720-0400][gc,heap     ] GC(24) Survivor regions: 6->6(7)
[2025-05-07T14:40:49.720-0400][gc,heap     ] GC(24) Old regions: 53->54
[2025-05-07T14:40:49.720-0400][gc,heap     ] GC(24) Archive regions: 2->2
[2025-05-07T14:40:49.720-0400][gc,heap     ] GC(24) Humongous regions: 151->151
[2025-05-07T14:40:49.720-0400][gc,metaspace] GC(24) Metaspace: 48980K(49920K)->48980K(49920K) NonClass: 43273K(43776K)->43273K(43776K) Class: 5706K(6144K)->5706K(6144K)
[2025-05-07T14:40:49.720-0400][gc          ] GC(24) Pause Young (Normal) (G1 Evacuation Pause) 254M->211M(1024M) 30.164ms
[2025-05-07T14:40:49.720-0400][gc,cpu      ] GC(24) User=0.11s Sys=0.00s Real=0.03s
[2025-05-07T14:45:17.913-0400][gc,start    ] GC(25) Pause Young (Normal) (G1 Evacuation Pause)
[2025-05-07T14:45:17.913-0400][gc,task     ] GC(25) Using 4 workers of 4 for evacuation
[2025-05-07T14:45:17.937-0400][gc,mmu      ] GC(25) MMU target violated: 21.0ms (20.0ms/21.0ms)
[2025-05-07T14:45:17.937-0400][gc,phases   ] GC(25)   Pre Evacuate Collection Set: 0.3ms
[2025-05-07T14:45:17.937-0400][gc,phases   ] GC(25)   Merge Heap Roots: 0.2ms
[2025-05-07T14:45:17.937-0400][gc,phases   ] GC(25)   Evacuate Collection Set: 22.5ms
[2025-05-07T14:45:17.937-0400][gc,phases   ] GC(25)   Post Evacuate Collection Set: 0.7ms
[2025-05-07T14:45:17.937-0400][gc,phases   ] GC(25)   Other: 0.3ms
[2025-05-07T14:45:17.937-0400][gc,heap     ] GC(25) Eden regions: 45->0(45)
[2025-05-07T14:45:17.937-0400][gc,heap     ] GC(25) Survivor regions: 6->6(7)
[2025-05-07T14:45:17.937-0400][gc,heap     ] GC(25) Old regions: 54->57
[2025-05-07T14:45:17.937-0400][gc,heap     ] GC(25) Archive regions: 2->2
[2025-05-07T14:45:17.937-0400][gc,heap     ] GC(25) Humongous regions: 151->151
[2025-05-07T14:45:17.937-0400][gc,metaspace] GC(25) Metaspace: 48988K(49920K)->48988K(49920K) NonClass: 43282K(43776K)->43282K(43776K) Class: 5706K(6144K)->5706K(6144K)
[2025-05-07T14:45:17.938-0400][gc          ] GC(25) Pause Young (Normal) (G1 Evacuation Pause) 256M->214M(1024M) 24.174ms
[2025-05-07T14:45:17.938-0400][gc,cpu      ] GC(25) User=0.07s Sys=0.03s Real=0.03s
[2025-05-07T14:49:44.976-0400][gc,start    ] GC(26) Pause Young (Normal) (G1 Evacuation Pause)
[2025-05-07T14:49:44.976-0400][gc,task     ] GC(26) Using 4 workers of 4 for evacuation
[2025-05-07T14:49:44.987-0400][gc,phases   ] GC(26)   Pre Evacuate Collection Set: 0.2ms
[2025-05-07T14:49:44.987-0400][gc,phases   ] GC(26)   Merge Heap Roots: 0.1ms
[2025-05-07T14:49:44.987-0400][gc,phases   ] GC(26)   Evacuate Collection Set: 9.7ms
[2025-05-07T14:49:44.987-0400][gc,phases   ] GC(26)   Post Evacuate Collection Set: 0.4ms
[2025-05-07T14:49:44.987-0400][gc,phases   ] GC(26)   Other: 0.2ms
[2025-05-07T14:49:44.987-0400][gc,heap     ] GC(26) Eden regions: 45->0(46)
[2025-05-07T14:49:44.987-0400][gc,heap     ] GC(26) Survivor regions: 6->5(7)
[2025-05-07T14:49:44.987-0400][gc,heap     ] GC(26) Old regions: 57->59
[2025-05-07T14:49:44.987-0400][gc,heap     ] GC(26) Archive regions: 2->2
[2025-05-07T14:49:44.987-0400][gc,heap     ] GC(26) Humongous regions: 151->151
[2025-05-07T14:49:44.987-0400][gc,metaspace] GC(26) Metaspace: 48994K(49920K)->48994K(49920K) NonClass: 43288K(43776K)->43288K(43776K) Class: 5706K(6144K)->5706K(6144K)
[2025-05-07T14:49:44.987-0400][gc          ] GC(26) Pause Young (Normal) (G1 Evacuation Pause) 259M->215M(1024M) 10.786ms
[2025-05-07T14:49:44.987-0400][gc,cpu      ] GC(26) User=0.04s Sys=0.00s Real=0.01s
[2025-05-07T14:54:18.258-0400][gc,start    ] GC(27) Pause Young (Normal) (G1 Evacuation Pause)
[2025-05-07T14:54:18.258-0400][gc,task     ] GC(27) Using 4 workers of 4 for evacuation
[2025-05-07T14:54:18.284-0400][gc,mmu      ] GC(27) MMU target violated: 21.0ms (20.0ms/21.0ms)
[2025-05-07T14:54:18.284-0400][gc,phases   ] GC(27)   Pre Evacuate Collection Set: 0.3ms
[2025-05-07T14:54:18.284-0400][gc,phases   ] GC(27)   Merge Heap Roots: 0.2ms
[2025-05-07T14:54:18.284-0400][gc,phases   ] GC(27)   Evacuate Collection Set: 25.2ms
[2025-05-07T14:54:18.285-0400][gc,phases   ] GC(27)   Post Evacuate Collection Set: 0.9ms
[2025-05-07T14:54:18.285-0400][gc,phases   ] GC(27)   Other: 0.3ms
[2025-05-07T14:54:18.285-0400][gc,heap     ] GC(27) Eden regions: 46->0(46)
[2025-05-07T14:54:18.285-0400][gc,heap     ] GC(27) Survivor regions: 5->5(7)
[2025-05-07T14:54:18.285-0400][gc,heap     ] GC(27) Old regions: 59->61
[2025-05-07T14:54:18.285-0400][gc,heap     ] GC(27) Archive regions: 2->2
[2025-05-07T14:54:18.285-0400][gc,heap     ] GC(27) Humongous regions: 151->151
[2025-05-07T14:54:18.285-0400][gc,metaspace] GC(27) Metaspace: 48995K(49920K)->48995K(49920K) NonClass: 43289K(43776K)->43289K(43776K) Class: 5706K(6144K)->5706K(6144K)
[2025-05-07T14:54:18.285-0400][gc          ] GC(27) Pause Young (Normal) (G1 Evacuation Pause) 261M->217M(1024M) 26.902ms
[2025-05-07T14:54:18.285-0400][gc,cpu      ] GC(27) User=0.10s Sys=0.00s Real=0.02s
[2025-05-07T14:58:51.509-0400][gc,start    ] GC(28) Pause Young (Normal) (G1 Evacuation Pause)
[2025-05-07T14:58:51.509-0400][gc,task     ] GC(28) Using 4 workers of 4 for evacuation
[2025-05-07T14:58:51.538-0400][gc,mmu      ] GC(28) MMU target violated: 21.0ms (20.0ms/21.0ms)
[2025-05-07T14:58:51.538-0400][gc,phases   ] GC(28)   Pre Evacuate Collection Set: 0.3ms
[2025-05-07T14:58:51.538-0400][gc,phases   ] GC(28)   Merge Heap Roots: 0.2ms
[2025-05-07T14:58:51.538-0400][gc,phases   ] GC(28)   Evacuate Collection Set: 27.3ms
[2025-05-07T14:58:51.538-0400][gc,phases   ] GC(28)   Post Evacuate Collection Set: 1.1ms
[2025-05-07T14:58:51.539-0400][gc,phases   ] GC(28)   Other: 0.3ms
[2025-05-07T14:58:51.539-0400][gc,heap     ] GC(28) Eden regions: 46->0(46)
[2025-05-07T14:58:51.539-0400][gc,heap     ] GC(28) Survivor regions: 5->5(7)
[2025-05-07T14:58:51.539-0400][gc,heap     ] GC(28) Old regions: 61->63
[2025-05-07T14:58:51.539-0400][gc,heap     ] GC(28) Archive regions: 2->2
[2025-05-07T14:58:51.539-0400][gc,heap     ] GC(28) Humongous regions: 151->151
[2025-05-07T14:58:51.539-0400][gc,metaspace] GC(28) Metaspace: 48999K(49920K)->48999K(49920K) NonClass: 43293K(43776K)->43293K(43776K) Class: 5706K(6144K)->5706K(6144K)
[2025-05-07T14:58:51.539-0400][gc          ] GC(28) Pause Young (Normal) (G1 Evacuation Pause) 263M->219M(1024M) 29.345ms
[2025-05-07T14:58:51.539-0400][gc,cpu      ] GC(28) User=0.11s Sys=0.00s Real=0.03s
[2025-05-07T15:03:26.170-0400][gc,start    ] GC(29) Pause Young (Normal) (G1 Evacuation Pause)
[2025-05-07T15:03:26.170-0400][gc,task     ] GC(29) Using 4 workers of 4 for evacuation
[2025-05-07T15:03:26.192-0400][gc,mmu      ] GC(29) MMU target violated: 21.0ms (20.0ms/21.0ms)
[2025-05-07T15:03:26.192-0400][gc,phases   ] GC(29)   Pre Evacuate Collection Set: 0.3ms
[2025-05-07T15:03:26.192-0400][gc,phases   ] GC(29)   Merge Heap Roots: 0.2ms
[2025-05-07T15:03:26.192-0400][gc,phases   ] GC(29)   Evacuate Collection Set: 20.9ms
[2025-05-07T15:03:26.192-0400][gc,phases   ] GC(29)   Post Evacuate Collection Set: 0.7ms
[2025-05-07T15:03:26.192-0400][gc,phases   ] GC(29)   Other: 0.3ms
[2025-05-07T15:03:26.192-0400][gc,heap     ] GC(29) Eden regions: 46->0(46)
[2025-05-07T15:03:26.192-0400][gc,heap     ] GC(29) Survivor regions: 5->5(7)
[2025-05-07T15:03:26.192-0400][gc,heap     ] GC(29) Old regions: 63->66
[2025-05-07T15:03:26.192-0400][gc,heap     ] GC(29) Archive regions: 2->2
[2025-05-07T15:03:26.193-0400][gc,heap     ] GC(29) Humongous regions: 151->151
[2025-05-07T15:03:26.193-0400][gc,metaspace] GC(29) Metaspace: 49044K(49920K)->49044K(49920K) NonClass: 43338K(43776K)->43338K(43776K) Class: 5706K(6144K)->5706K(6144K)
[2025-05-07T15:03:26.193-0400][gc          ] GC(29) Pause Young (Normal) (G1 Evacuation Pause) 265M->222M(1024M) 22.525ms
[2025-05-07T15:03:26.193-0400][gc,cpu      ] GC(29) User=0.08s Sys=0.00s Real=0.02s
[2025-05-07T15:07:59.918-0400][gc,start    ] GC(30) Pause Young (Normal) (G1 Evacuation Pause)
[2025-05-07T15:07:59.918-0400][gc,task     ] GC(30) Using 4 workers of 4 for evacuation
[2025-05-07T15:07:59.945-0400][gc,mmu      ] GC(30) MMU target violated: 21.0ms (20.0ms/21.0ms)
[2025-05-07T15:07:59.945-0400][gc,phases   ] GC(30)   Pre Evacuate Collection Set: 0.3ms
[2025-05-07T15:07:59.945-0400][gc,phases   ] GC(30)   Merge Heap Roots: 0.2ms
[2025-05-07T15:07:59.945-0400][gc,phases   ] GC(30)   Evacuate Collection Set: 26.0ms
[2025-05-07T15:07:59.945-0400][gc,phases   ] GC(30)   Post Evacuate Collection Set: 0.9ms
[2025-05-07T15:07:59.945-0400][gc,phases   ] GC(30)   Other: 0.3ms
[2025-05-07T15:07:59.946-0400][gc,heap     ] GC(30) Eden regions: 46->0(45)
[2025-05-07T15:07:59.946-0400][gc,heap     ] GC(30) Survivor regions: 5->6(7)
[2025-05-07T15:07:59.946-0400][gc,heap     ] GC(30) Old regions: 66->68
[2025-05-07T15:07:59.946-0400][gc,heap     ] GC(30) Archive regions: 2->2
[2025-05-07T15:07:59.946-0400][gc,heap     ] GC(30) Humongous regions: 151->151
[2025-05-07T15:07:59.946-0400][gc,metaspace] GC(30) Metaspace: 49048K(49920K)->49048K(49920K) NonClass: 43342K(43776K)->43342K(43776K) Class: 5706K(6144K)->5706K(6144K)
[2025-05-07T15:07:59.946-0400][gc          ] GC(30) Pause Young (Normal) (G1 Evacuation Pause) 268M->224M(1024M) 27.993ms
[2025-05-07T15:07:59.946-0400][gc,cpu      ] GC(30) User=0.10s Sys=0.01s Real=0.02s
[2025-05-07T15:10:27.986-0400][gc,heap,exit] Heap
[2025-05-07T15:10:27.986-0400][gc,heap,exit]  garbage-first heap   total 1048576K, used 271648K [0x00000000c0000000, 0x0000000100000000)
[2025-05-07T15:10:27.986-0400][gc,heap,exit]   region size 1024K, 47 young (48128K), 6 survivors (6144K)
[2025-05-07T15:10:27.986-0400][gc,heap,exit]  Metaspace       used 50230K, committed 51200K, reserved 1114112K
[2025-05-07T15:10:27.986-0400][gc,heap,exit]   class space    used 5947K, committed 6400K, reserved 1048576K
